Archive member included to satisfy reference by file (symbol)

/usr/lib/gcc/arm-none-eabi/10.3.1/thumb/v6-m/nofp/libgcc.a(_dvmd_tls.o)
                              CMakeFiles/web_serial_bridge.dir/home/rouf/hardware-project/rp2040-usb-to-ttl/sdk/pico-sdk/src/rp2_common/pico_divider/divider_hardware.S.o (__aeabi_idiv0)
/usr/lib/gcc/arm-none-eabi/10.3.1/../../../arm-none-eabi/lib/thumb/v6-m/nofp/libg.a(lib_a-atexit.o)
                              /usr/lib/gcc/arm-none-eabi/10.3.1/../../../arm-none-eabi/lib/thumb/v6-m/nofp/crt0.o (atexit)
/usr/lib/gcc/arm-none-eabi/10.3.1/../../../arm-none-eabi/lib/thumb/v6-m/nofp/libg.a(lib_a-calloc.o)
                              CMakeFiles/web_serial_bridge.dir/home/rouf/hardware-project/rp2040-usb-to-ttl/sdk/pico-sdk/src/rp2_common/pico_malloc/malloc.c.o (calloc)
/usr/lib/gcc/arm-none-eabi/10.3.1/../../../arm-none-eabi/lib/thumb/v6-m/nofp/libg.a(lib_a-callocr.o)
                              /usr/lib/gcc/arm-none-eabi/10.3.1/../../../arm-none-eabi/lib/thumb/v6-m/nofp/libg.a(lib_a-calloc.o) (_calloc_r)
/usr/lib/gcc/arm-none-eabi/10.3.1/../../../arm-none-eabi/lib/thumb/v6-m/nofp/libg.a(lib_a-fini.o)
                              /usr/lib/gcc/arm-none-eabi/10.3.1/../../../arm-none-eabi/lib/thumb/v6-m/nofp/crt0.o (__libc_fini_array)
/usr/lib/gcc/arm-none-eabi/10.3.1/../../../arm-none-eabi/lib/thumb/v6-m/nofp/libg.a(lib_a-impure.o)
                              /usr/lib/gcc/arm-none-eabi/10.3.1/../../../arm-none-eabi/lib/thumb/v6-m/nofp/libg.a(lib_a-calloc.o) (_impure_ptr)
/usr/lib/gcc/arm-none-eabi/10.3.1/../../../arm-none-eabi/lib/thumb/v6-m/nofp/libg.a(lib_a-init.o)
                              /usr/lib/gcc/arm-none-eabi/10.3.1/../../../arm-none-eabi/lib/thumb/v6-m/nofp/crt0.o (__libc_init_array)
/usr/lib/gcc/arm-none-eabi/10.3.1/../../../arm-none-eabi/lib/thumb/v6-m/nofp/libg.a(lib_a-lcltime_r.o)
                              CMakeFiles/web_serial_bridge.dir/home/rouf/hardware-project/rp2040-usb-to-ttl/sdk/pico-sdk/src/common/pico_util/datetime.c.o (localtime_r)
/usr/lib/gcc/arm-none-eabi/10.3.1/../../../arm-none-eabi/lib/thumb/v6-m/nofp/libg.a(lib_a-malloc.o)
                              CMakeFiles/web_serial_bridge.dir/home/rouf/hardware-project/rp2040-usb-to-ttl/sdk/pico-sdk/src/rp2_common/pico_malloc/malloc.c.o (malloc)
/usr/lib/gcc/arm-none-eabi/10.3.1/../../../arm-none-eabi/lib/thumb/v6-m/nofp/libg.a(lib_a-mallocr.o)
                              /usr/lib/gcc/arm-none-eabi/10.3.1/../../../arm-none-eabi/lib/thumb/v6-m/nofp/libg.a(lib_a-callocr.o) (_malloc_r)
/usr/lib/gcc/arm-none-eabi/10.3.1/../../../arm-none-eabi/lib/thumb/v6-m/nofp/libg.a(lib_a-memcmp.o)
                              CMakeFiles/web_serial_bridge.dir/home/rouf/hardware-project/rp2040-usb-to-ttl/sdk/pico-sdk/src/rp2_common/pico_atomic/atomic.c.o (memcmp)
/usr/lib/gcc/arm-none-eabi/10.3.1/../../../arm-none-eabi/lib/thumb/v6-m/nofp/libg.a(lib_a-mktime.o)
                              CMakeFiles/web_serial_bridge.dir/home/rouf/hardware-project/rp2040-usb-to-ttl/sdk/pico-sdk/src/common/pico_util/datetime.c.o (mktime)
/usr/lib/gcc/arm-none-eabi/10.3.1/../../../arm-none-eabi/lib/thumb/v6-m/nofp/libg.a(lib_a-mlock.o)
                              /usr/lib/gcc/arm-none-eabi/10.3.1/../../../arm-none-eabi/lib/thumb/v6-m/nofp/libg.a(lib_a-mallocr.o) (__malloc_lock)
/usr/lib/gcc/arm-none-eabi/10.3.1/../../../arm-none-eabi/lib/thumb/v6-m/nofp/libg.a(lib_a-month_lengths.o)
                              /usr/lib/gcc/arm-none-eabi/10.3.1/../../../arm-none-eabi/lib/thumb/v6-m/nofp/libg.a(lib_a-lcltime_r.o) (__month_lengths)
/usr/lib/gcc/arm-none-eabi/10.3.1/../../../arm-none-eabi/lib/thumb/v6-m/nofp/libg.a(lib_a-realloc.o)
                              CMakeFiles/web_serial_bridge.dir/home/rouf/hardware-project/rp2040-usb-to-ttl/sdk/pico-sdk/src/rp2_common/pico_malloc/malloc.c.o (realloc)
/usr/lib/gcc/arm-none-eabi/10.3.1/../../../arm-none-eabi/lib/thumb/v6-m/nofp/libg.a(lib_a-reallocr.o)
                              /usr/lib/gcc/arm-none-eabi/10.3.1/../../../arm-none-eabi/lib/thumb/v6-m/nofp/libg.a(lib_a-realloc.o) (_realloc_r)
/usr/lib/gcc/arm-none-eabi/10.3.1/../../../arm-none-eabi/lib/thumb/v6-m/nofp/libg.a(lib_a-sbrkr.o)
                              /usr/lib/gcc/arm-none-eabi/10.3.1/../../../arm-none-eabi/lib/thumb/v6-m/nofp/libg.a(lib_a-mallocr.o) (_sbrk_r)
/usr/lib/gcc/arm-none-eabi/10.3.1/../../../arm-none-eabi/lib/thumb/v6-m/nofp/libg.a(lib_a-strlen-stub.o)
                              CMakeFiles/web_serial_bridge.dir/home/rouf/hardware-project/rp2040-usb-to-ttl/sdk/pico-sdk/src/rp2_common/pico_stdio/stdio.c.o (strlen)
/usr/lib/gcc/arm-none-eabi/10.3.1/../../../arm-none-eabi/lib/thumb/v6-m/nofp/libg.a(lib_a-tzcalc_limits.o)
                              /usr/lib/gcc/arm-none-eabi/10.3.1/../../../arm-none-eabi/lib/thumb/v6-m/nofp/libg.a(lib_a-lcltime_r.o) (__tzcalc_limits)
/usr/lib/gcc/arm-none-eabi/10.3.1/../../../arm-none-eabi/lib/thumb/v6-m/nofp/libg.a(lib_a-tzlock.o)
[...]
Memory Configuration

Name             Origin             Length             Attributes
FLASH            0x0000000010000000 0x0000000000200000 xr
RAM              0x0000000020000000 0x0000000000040000 xrw
SCRATCH_X        0x0000000020040000 0x0000000000001000 xrw
SCRATCH_Y        0x0000000020041000 0x0000000000001000 xrw
*default*        0x0000000000000000 0xffffffffffffffff

Linker script and memory map

LOAD /usr/lib/gcc/arm-none-eabi/10.3.1/thumb/v6-m/nofp/crti.o
LOAD /usr/lib/gcc/arm-none-eabi/10.3.1/thumb/v6-m/nofp/crtbegin.o
LOAD /usr/lib/gcc/arm-none-eabi/10.3.1/../../../arm-none-eabi/lib/thumb/v6-m/nofp/crt0.o

.flash_begin    0x0000000010000000        0x0
                0x0000000010000000                __flash_binary_start = .

.boot2          0x0000000010000000      0x100
                0x0000000010000000                __boot2_start__ = .
 *(.boot2)
 .boot2         0x0000000010000000      0x100 pico-sdk/src/rp2040/boot_stage2/CMakeFiles/bs2_default_library.dir/bs2_default_padded_checksummed.S.o
                0x0000000010000100                __boot2_end__ = .
                0x0000000000000001                ASSERT (((__boot2_end__ - __boot2_start__) == 0x100), ERROR: Pico second stage bootloader must be 256 bytes in size)

.text           0x0000000010000100     0x4100
                0x0000000010000100                __logical_binary_start = .
 *(.vectors)
 .vectors       0x0000000010000100       0xd4 CMakeFiles/web_serial_bridge.dir/home/rouf/hardware-project/rp2040-usb-to-ttl/sdk/pico-sdk/src/rp2_common/pico_crt0/crt0.S.o
                0x0000000010000100                __vectors
                0x0000000010000100                __VECTOR_TABLE
                0x00000000100001c0                isr_irq30
                0x00000000100001c0                __unhandled_user_irq
                0x00000000100001c0                isr_irq13
                0x00000000100001c0                isr_irq27
                0x00000000100001c0                isr_irq31
                0x00000000100001c0                isr_irq5
                0x00000000100001c0                isr_irq11
                0x00000000100001c0                isr_irq23
                0x00000000100001c0                isr_irq18
                0x00000000100001c0                isr_irq28
                0x00000000100001c0                isr_irq19
                0x00000000100001c0                isr_irq0
                0x00000000100001c0                isr_irq6
                0x00000000100001c0                isr_irq22
                0x00000000100001c0                isr_irq17
                0x00000000100001c0                isr_irq14
                0x00000000100001c0                __vectors_end
                0x00000000100001c0                __default_isrs_start
                0x00000000100001c0                isr_irq2
                0x00000000100001c0                isr_irq10
                0x00000000100001c0                isr_irq8
                0x00000000100001c0                isr_irq24
                0x00000000100001c0                isr_irq1
                0x00000000100001c0                isr_irq7
                0x00000000100001c0                isr_irq21
                0x00000000100001c0                isr_irq20
                0x00000000100001c0                isr_irq15
                0x00000000100001c0                isr_irq25
                0x00000000100001c0                isr_irq4
                0x00000000100001c0                isr_irq16
                0x00000000100001c0                isr_irq29
                0x00000000100001c0                isr_irq26
                0x00000000100001c0                isr_irq3
                0x00000000100001c0                isr_irq12
                0x00000000100001c0                isr_irq9
                0x00000000100001c6                unhandled_user_irq_num_in_r0
                0x00000000100001c8                isr_invalid
                0x00000000100001ca                isr_nmi
                0x00000000100001cc                isr_hardfault
                0x00000000100001ce                isr_svcall
                0x00000000100001d0                isr_pendsv
                0x00000000100001d2                isr_systick
                0x00000000100001d4                __default_isrs_end
 *(.binary_info_header)
 .binary_info_header
                0x00000000100001d4       0x14 CMakeFiles/web_serial_bridge.dir/home/rouf/hardware-project/rp2040-usb-to-ttl/sdk/pico-sdk/src/rp2_common/pico_crt0/crt0.S.o
                0x00000000100001e8                __binary_info_header_end = .
 *(.embedded_block)
                0x00000000100001e8                __embedded_block_end = .
 *(.reset)
 .reset         0x00000000100001e8       0x9c CMakeFiles/web_serial_bridge.dir/home/rouf/hardware-project/rp2040-usb-to-ttl/sdk/pico-sdk/src/rp2_common/pico_crt0/crt0.S.o
                0x00000000100001e8                _entry_point
 *(.init)
 .init          0x0000000010000284        0x4 /usr/lib/gcc/arm-none-eabi/10.3.1/thumb/v6-m/nofp/crti.o
                0x0000000010000284                _init
 *(EXCLUDE_FILE(*libm.a: *libc.a:*lib_a-mem*.o *libgcc.a:) .text*)
 .text          0x0000000010000288       0x98 /usr/lib/gcc/arm-none-eabi/10.3.1/thumb/v6-m/nofp/crtbegin.o
 .text.on_uart_rx
                0x0000000010000320       0x4c CMakeFiles/web_serial_bridge.dir/src/main.c.o
                0x0000000010000320                on_uart_rx
 .text.monitor_callback
                0x000000001000036c       0x1c CMakeFiles/web_serial_bridge.dir/src/main.c.o
                0x000000001000036c                monitor_callback
 .text.startup.main
                0x0000000010000388      0x128 CMakeFiles/web_serial_bridge.dir/src/main.c.o
                0x0000000010000388                main
 .text.tud_cdc_line_coding_cb
                0x00000000100004b0       0x24 CMakeFiles/web_serial_bridge.dir/src/main.c.o
                0x00000000100004b0                tud_cdc_line_coding_cb
 .text.tud_descriptor_device_cb
                0x00000000100004d4        0x8 CMakeFiles/web_serial_bridge.dir/src/usb_descriptors.c.o
                0x00000000100004d4                tud_descriptor_device_cb
 .text.tud_descriptor_configuration_cb
                0x00000000100004dc        0x8 CMakeFiles/web_serial_bridge.dir/src/usb_descriptors.c.o
                0x00000000100004dc                tud_descriptor_configuration_cb
 .text.tud_descriptor_string_cb
                0x00000000100004e4       0x5c CMakeFiles/web_serial_bridge.dir/src/usb_descriptors.c.o
                0x00000000100004e4                tud_descriptor_string_cb
 .text.gpio_default_irq_handler
                0x0000000010000540      0x270 CMakeFiles/web_serial_bridge.dir/home/rouf/hardware-project/rp2040-usb-to-ttl/sdk/pico-sdk/src/rp2_common/hardware_gpio/gpio.c.o
 .text.gpio_set_function
                0x00000000100007b0       0x34 CMakeFiles/web_serial_bridge.dir/home/rouf/hardware-project/rp2040-usb-to-ttl/sdk/pico-sdk/src/rp2_common/hardware_gpio/gpio.c.o
                0x00000000100007b0                gpio_set_function
 .text.gpio_set_irq_enabled_with_callback
                0x00000000100007e4       0xd0 CMakeFiles/web_serial_bridge.dir/home/rouf/hardware-project/rp2040-usb-to-ttl/sdk/pico-sdk/src/rp2_common/hardware_gpio/gpio.c.o
                0x00000000100007e4                gpio_set_irq_enabled_with_callback
 .text.rp2040_chip_version
                0x00000000100008b4        0xc CMakeFiles/web_serial_bridge.dir/home/rouf/hardware-project/rp2040-usb-to-ttl/sdk/pico-sdk/src/rp2040/pico_platform/platform.c.o
                0x00000000100008b4                rp2040_chip_version
 .text.panic    0x00000000100008c0       0x30 CMakeFiles/web_serial_bridge.dir/home/rouf/hardware-project/rp2040-usb-to-ttl/sdk/pico-sdk/src/rp2_common/pico_platform_panic/panic.c.o
                0x00000000100008c0                panic
 .text.hw_claim_or_assert
                0x00000000100008f0       0x44 CMakeFiles/web_serial_bridge.dir/home/rouf/hardware-project/rp2040-usb-to-ttl/sdk/pico-sdk/src/common/hardware_claim/claim.c.o
                0x00000000100008f0                hw_claim_or_assert
 .text.hw_claim_unused_from_range
                0x0000000010000934       0x9c CMakeFiles/web_serial_bridge.dir/home/rouf/hardware-project/rp2040-usb-to-ttl/sdk/pico-sdk/src/common/hardware_claim/claim.c.o
                0x0000000010000934                hw_claim_unused_from_range
 .text.next_striped_spin_lock_num
                0x00000000100009d0       0x18 CMakeFiles/web_serial_bridge.dir/home/rouf/hardware-project/rp2040-usb-to-ttl/sdk/pico-sdk/src/rp2_common/hardware_sync/sync.c.o
                0x00000000100009d0                next_striped_spin_lock_num
 .text.spin_lock_claim_unused
                0x00000000100009e8       0x20 CMakeFiles/web_serial_bridge.dir/home/rouf/hardware-project/rp2040-usb-to-ttl/sdk/pico-sdk/src/rp2_common/hardware_sync/sync.c.o
                0x00000000100009e8                spin_lock_claim_unused
 .text.spin_locks_reset
                0x0000000010000a08       0x1c CMakeFiles/web_serial_bridge.dir/home/rouf/hardware-project/rp2040-usb-to-ttl/sdk/pico-sdk/src/rp2_common/hardware_sync_spin_lock/sync_spin_lock.c.o
                0x0000000010000a08                spin_locks_reset
 .text.runtime_init_per_core_irq_priorities
                0x0000000010000a24       0x24 CMakeFiles/web_serial_bridge.dir/home/rouf/hardware-project/rp2040-usb-to-ttl/sdk/pico-sdk/src/rp2_common/hardware_irq/irq.c.o
                0x0000000010000a24                runtime_init_per_core_irq_priorities
 .text.irq_set_enabled
                0x0000000010000a48       0x24 CMakeFiles/web_serial_bridge.dir/home/rouf/hardware-project/rp2040-usb-to-ttl/sdk/pico-sdk/src/rp2_common/hardware_irq/irq.c.o
                0x0000000010000a48                irq_set_enabled
 .text.irq_set_exclusive_handler
                0x0000000010000a6c       0x54 CMakeFiles/web_serial_bridge.dir/home/rouf/hardware-project/rp2040-usb-to-ttl/sdk/pico-sdk/src/rp2_common/hardware_irq/irq.c.o
                0x0000000010000a6c                irq_set_exclusive_handler
 .text.irq_add_shared_handler
                0x0000000010000ac0      0x1e8 CMakeFiles/web_serial_bridge.dir/home/rouf/hardware-project/rp2040-usb-to-ttl/sdk/pico-sdk/src/rp2_common/hardware_irq/irq.c.o
                0x0000000010000ac0                irq_add_shared_handler
 .text.irq_remove_handler
                0x0000000010000ca8      0x1c4 CMakeFiles/web_serial_bridge.dir/home/rouf/hardware-project/rp2040-usb-to-ttl/sdk/pico-sdk/src/rp2_common/hardware_irq/irq.c.o
                0x0000000010000ca8                irq_remove_handler
 .text.irq_add_tail_to_free_list
                0x0000000010000e6c       0xb4 CMakeFiles/web_serial_bridge.dir/home/rouf/hardware-project/rp2040-usb-to-ttl/sdk/pico-sdk/src/rp2_common/hardware_irq/irq.c.o
                0x0000000010000e6c                irq_add_tail_to_free_list
 .text.lock_init
                0x0000000010000f20       0x10 CMakeFiles/web_serial_bridge.dir/home/rouf/hardware-project/rp2040-usb-to-ttl/sdk/pico-sdk/src/common/pico_sync/lock_core.c.o
                0x0000000010000f20                lock_init
 .text.runtime_init_mutex
                0x0000000010000f30       0x58 CMakeFiles/web_serial_bridge.dir/home/rouf/hardware-project/rp2040-usb-to-ttl/sdk/pico-sdk/src/common/pico_sync/mutex.c.o
                0x0000000010000f30                runtime_init_mutex
 .text.mutex_init
                0x0000000010000f88       0x1c CMakeFiles/web_serial_bridge.dir/home/rouf/hardware-project/rp2040-usb-to-ttl/sdk/pico-sdk/src/common/pico_sync/mutex.c.o
                0x0000000010000f88                mutex_init
 .text.critical_section_init
                0x0000000010000fa4       0x20 CMakeFiles/web_serial_bridge.dir/home/rouf/hardware-project/rp2040-usb-to-ttl/sdk/pico-sdk/src/common/pico_sync/critical_section.c.o
                0x0000000010000fa4                critical_section_init
 .text.sleep_until_callback
                0x0000000010000fc4       0x30 CMakeFiles/web_serial_bridge.dir/home/rouf/hardware-project/rp2040-usb-to-ttl/sdk/pico-sdk/src/common/pico_time/time.c.o
 .text.alarm_pool_irq_handler
                0x0000000010000ff4      0x308 CMakeFiles/web_serial_bridge.dir/home/rouf/hardware-project/rp2040-usb-to-ttl/sdk/pico-sdk/src/common/pico_time/time.c.o
 .text.runtime_init_default_alarm_pool
                0x00000000100012fc       0xdc CMakeFiles/web_serial_bridge.dir/home/rouf/hardware-project/rp2040-usb-to-ttl/sdk/pico-sdk/src/common/pico_time/time.c.o
                0x00000000100012fc                runtime_init_default_alarm_pool
 .text.alarm_pool_add_alarm_at_force_in_context
                0x00000000100013d8       0xb0 CMakeFiles/web_serial_bridge.dir/home/rouf/hardware-project/rp2040-usb-to-ttl/sdk/pico-sdk/src/common/pico_time/time.c.o
                0x00000000100013d8                alarm_pool_add_alarm_at_force_in_context
 .text.alarm_pool_cancel_alarm
                0x0000000010001488       0x7c CMakeFiles/web_serial_bridge.dir/home/rouf/hardware-project/rp2040-usb-to-ttl/sdk/pico-sdk/src/common/pico_time/time.c.o
                0x0000000010001488                alarm_pool_cancel_alarm
 .text.best_effort_wfe_or_timeout
                0x0000000010001504       0xfc CMakeFiles/web_serial_bridge.dir/home/rouf/hardware-project/rp2040-usb-to-ttl/sdk/pico-sdk/src/common/pico_time/time.c.o
                0x0000000010001504                best_effort_wfe_or_timeout
 .text.timer_hardware_alarm_claim
                0x0000000010001600       0x14 CMakeFiles/web_serial_bridge.dir/home/rouf/hardware-project/rp2040-usb-to-ttl/sdk/pico-sdk/src/rp2_common/hardware_timer/timer.c.o
                0x0000000010001600                timer_hardware_alarm_claim
 .text.timer_time_us_64
                0x0000000010001614       0x10 CMakeFiles/web_serial_bridge.dir/home/rouf/hardware-project/rp2040-usb-to-ttl/sdk/pico-sdk/src/rp2_common/hardware_timer/timer.c.o
                0x0000000010001614                timer_time_us_64
 .text.time_us_64
                0x0000000010001624       0x14 CMakeFiles/web_serial_bridge.dir/home/rouf/hardware-project/rp2040-usb-to-ttl/sdk/pico-sdk/src/rp2_common/hardware_timer/timer.c.o
                0x0000000010001624                time_us_64
 .text.busy_wait_us
                0x0000000010001638       0x54 CMakeFiles/web_serial_bridge.dir/home/rouf/hardware-project/rp2040-usb-to-ttl/sdk/pico-sdk/src/rp2_common/hardware_timer/timer.c.o
                0x0000000010001638                busy_wait_us
 .text.uart_init
                0x000000001000168c      0x11c CMakeFiles/web_serial_bridge.dir/home/rouf/hardware-project/rp2040-usb-to-ttl/sdk/pico-sdk/src/rp2_common/hardware_uart/uart.c.o
                0x000000001000168c                uart_init
 .text.uart_set_baudrate
                0x00000000100017a8       0xb4 CMakeFiles/web_serial_bridge.dir/home/rouf/hardware-project/rp2040-usb-to-ttl/sdk/pico-sdk/src/rp2_common/hardware_uart/uart.c.o
                0x00000000100017a8                uart_set_baudrate
 .text.clock_configure_int_divider
                0x000000001000185c       0xf4 CMakeFiles/web_serial_bridge.dir/home/rouf/hardware-project/rp2040-usb-to-ttl/sdk/pico-sdk/src/rp2_common/hardware_clocks/clocks.c.o
                0x000000001000185c                clock_configure_int_divider
 .text.clock_configure_undivided
                0x0000000010001950       0xe8 CMakeFiles/web_serial_bridge.dir/home/rouf/hardware-project/rp2040-usb-to-ttl/sdk/pico-sdk/src/rp2_common/hardware_clocks/clocks.c.o
                0x0000000010001950                clock_configure_undivided
 .text.clock_get_hz
                0x0000000010001a38        0xc CMakeFiles/web_serial_bridge.dir/home/rouf/hardware-project/rp2040-usb-to-ttl/sdk/pico-sdk/src/rp2_common/hardware_clocks/clocks.c.o
                0x0000000010001a38                clock_get_hz
 .text.pll_init
                0x0000000010001a44       0xa0 CMakeFiles/web_serial_bridge.dir/home/rouf/hardware-project/rp2040-usb-to-ttl/sdk/pico-sdk/src/rp2_common/hardware_pll/pll.c.o
                0x0000000010001a44                pll_init
 .text.tick_start
                0x0000000010001ae4       0x10 CMakeFiles/web_serial_bridge.dir/home/rouf/hardware-project/rp2040-usb-to-ttl/sdk/pico-sdk/src/rp2_common/hardware_ticks/ticks.c.o
                0x0000000010001ae4                tick_start
 .text.rom_func_lookup
                0x0000000010001af4       0x10 CMakeFiles/web_serial_bridge.dir/home/rouf/hardware-project/rp2040-usb-to-ttl/sdk/pico-sdk/src/rp2_common/pico_bootrom/bootrom.c.o
                0x0000000010001af4                rom_func_lookup
 .text.rom_data_lookup
                0x0000000010001b04       0x10 CMakeFiles/web_serial_bridge.dir/home/rouf/hardware-project/rp2040-usb-to-ttl/sdk/pico-sdk/src/rp2_common/pico_bootrom/bootrom.c.o
                0x0000000010001b04                rom_data_lookup
 .text.rom_funcs_lookup
                0x0000000010001b14       0x44 CMakeFiles/web_serial_bridge.dir/home/rouf/hardware-project/rp2040-usb-to-ttl/sdk/pico-sdk/src/rp2_common/pico_bootrom/bootrom.c.o
                0x0000000010001b14                rom_funcs_lookup
 .text.xosc_init
                0x0000000010001b58       0x28 CMakeFiles/web_serial_bridge.dir/home/rouf/hardware-project/rp2040-usb-to-ttl/sdk/pico-sdk/src/rp2_common/hardware_xosc/xosc.c.o
                0x0000000010001b58                xosc_init
 .text.first_per_core_initializer
                0x0000000010001b80        0x4 CMakeFiles/web_serial_bridge.dir/home/rouf/hardware-project/rp2040-usb-to-ttl/sdk/pico-sdk/src/rp2_common/pico_runtime/runtime.c.o
 .text.hard_assertion_failure
                0x0000000010001b84        0xc CMakeFiles/web_serial_bridge.dir/home/rouf/hardware-project/rp2040-usb-to-ttl/sdk/pico-sdk/src/rp2_common/pico_runtime/runtime.c.o
                0x0000000010001b84                hard_assertion_failure
 .text.runtime_run_initializers
                0x0000000010001b90       0x28 CMakeFiles/web_serial_bridge.dir/home/rouf/hardware-project/rp2040-usb-to-ttl/sdk/pico-sdk/src/rp2_common/pico_runtime/runtime.c.o
                0x0000000010001b90                runtime_run_initializers
 .text.runtime_init_early_resets
                0x0000000010001bb8       0x2c CMakeFiles/web_serial_bridge.dir/home/rouf/hardware-project/rp2040-usb-to-ttl/sdk/pico-sdk/src/rp2_common/pico_runtime_init/runtime_init.c.o
                0x0000000010001bb8                runtime_init_early_resets
 .text.runtime_init_usb_power_down
                0x0000000010001be4       0x1c CMakeFiles/web_serial_bridge.dir/home/rouf/hardware-project/rp2040-usb-to-ttl/sdk/pico-sdk/src/rp2_common/pico_runtime_init/runtime_init.c.o
                0x0000000010001be4                runtime_init_usb_power_down
 .text.runtime_init_post_clock_resets
                0x0000000010001c00       0x20 CMakeFiles/web_serial_bridge.dir/home/rouf/hardware-project/rp2040-usb-to-ttl/sdk/pico-sdk/src/rp2_common/pico_runtime_init/runtime_init.c.o
                0x0000000010001c00                runtime_init_post_clock_resets
 .text.runtime_init_rp2040_gpio_ie_disable
                0x0000000010001c20       0x14 CMakeFiles/web_serial_bridge.dir/home/rouf/hardware-project/rp2040-usb-to-ttl/sdk/pico-sdk/src/rp2_common/pico_runtime_init/runtime_init.c.o
                0x0000000010001c20                runtime_init_rp2040_gpio_ie_disable
 .text.runtime_init_spin_locks_reset
                0x0000000010001c34        0x8 CMakeFiles/web_serial_bridge.dir/home/rouf/hardware-project/rp2040-usb-to-ttl/sdk/pico-sdk/src/rp2_common/pico_runtime_init/runtime_init.c.o
                0x0000000010001c34                runtime_init_spin_locks_reset
 .text.runtime_init_install_ram_vector_table
                0x0000000010001c3c       0xcc CMakeFiles/web_serial_bridge.dir/home/rouf/hardware-project/rp2040-usb-to-ttl/sdk/pico-sdk/src/rp2_common/pico_runtime_init/runtime_init.c.o
                0x0000000010001c3c                runtime_init_install_ram_vector_table
 .text.runtime_init_clocks
                0x0000000010001d08       0xd8 CMakeFiles/web_serial_bridge.dir/home/rouf/hardware-project/rp2040-usb-to-ttl/sdk/pico-sdk/src/rp2_common/pico_runtime_init/runtime_init_clocks.c.o
                0x0000000010001d08                runtime_init_clocks
 .text          0x0000000010001de0       0x10 CMakeFiles/web_serial_bridge.dir/home/rouf/hardware-project/rp2040-usb-to-ttl/sdk/pico-sdk/src/rp2_common/pico_bit_ops/bit_ops_aeabi.S.o
 .text.__wrap___aeabi_uidiv
                0x0000000010001df0       0x4c CMakeFiles/web_serial_bridge.dir/home/rouf/hardware-project/rp2040-usb-to-ttl/sdk/pico-sdk/src/rp2_common/pico_divider/divider_hardware.S.o
                0x0000000010001df0                __wrap___aeabi_uidiv
                0x0000000010001df0                __wrap___aeabi_uidivmod
                0x0000000010001df0                div_u32u32
                0x0000000010001df0                divmod_u32u32
                0x0000000010001df8                divmod_u32u32_unsafe
                0x0000000010001e20                divmod_u32u32_savestate
 .text.__aeabi_double_init
                0x0000000010001e3c       0xa0 CMakeFiles/web_serial_bridge.dir/home/rouf/hardware-project/rp2040-usb-to-ttl/sdk/pico-sdk/src/rp2_common/pico_double/double_init_rom_rp2040.c.o
                0x0000000010001e3c                __aeabi_double_init
 .text.double_table_shim_on_use_helper
                0x0000000010001edc       0x2c CMakeFiles/web_serial_bridge.dir/home/rouf/hardware-project/rp2040-usb-to-ttl/sdk/pico-sdk/src/rp2_common/pico_double/double_v1_rom_shim_rp2040.S.o
                0x0000000010001edc                double_table_shim_on_use_helper
 .text.__aeabi_lmul
                0x0000000010001f08       0x32 CMakeFiles/web_serial_bridge.dir/home/rouf/hardware-project/rp2040-usb-to-ttl/sdk/pico-sdk/src/rp2_common/pico_int64_ops/pico_int64_ops_aeabi.S.o
                0x0000000010001f08                __wrap___aeabi_lmul
 *fill*         0x0000000010001f3a        0x2 
 .text.__aeabi_float_init
                0x0000000010001f3c       0x64 CMakeFiles/web_serial_bridge.dir/home/rouf/hardware-project/rp2040-usb-to-ttl/sdk/pico-sdk/src/rp2_common/pico_float/float_init_rom_rp2040.c.o
                0x0000000010001f3c                __aeabi_float_init
 .text.float_table_shim_on_use_helper
                0x0000000010001fa0       0x2c CMakeFiles/web_serial_bridge.dir/home/rouf/hardware-project/rp2040-usb-to-ttl/sdk/pico-sdk/src/rp2_common/pico_float/float_v1_rom_shim_rp2040.S.o
                0x0000000010001fa0                float_table_shim_on_use_helper
 .text          0x0000000010001fcc       0x10 CMakeFiles/web_serial_bridge.dir/home/rouf/hardware-project/rp2040-usb-to-ttl/sdk/pico-sdk/src/rp2_common/pico_mem_ops/mem_ops_aeabi.S.o
                0x0000000010001fcc                __aeabi_mem_init
 .text.memset   0x0000000010001fdc        0xc CMakeFiles/web_serial_bridge.dir/home/rouf/hardware-project/rp2040-usb-to-ttl/sdk/pico-sdk/src/rp2_common/pico_mem_ops/mem_ops_aeabi.S.o
                0x0000000010001fdc                __wrap_memset
 .text.memcpy   0x0000000010001fe8        0xc CMakeFiles/web_serial_bridge.dir/home/rouf/hardware-project/rp2040-usb-to-ttl/sdk/pico-sdk/src/rp2_common/pico_mem_ops/mem_ops_aeabi.S.o
                0x0000000010001fe8                __wrap___aeabi_memcpy
                0x0000000010001fe8                __wrap_memcpy
 .text._out_char
                0x0000000010001ff4       0x10 CMakeFiles/web_serial_bridge.dir/home/rouf/hardware-project/rp2040-usb-to-ttl/sdk/pico-sdk/src/rp2_common/pico_printf/printf.c.o
 .text.weak_raw_vprintf
                0x0000000010002004       0x30 CMakeFiles/web_serial_bridge.dir/home/rouf/hardware-project/rp2040-usb-to-ttl/sdk/pico-sdk/src/rp2_common/pico_printf/printf.c.o
                0x0000000010002004                weak_raw_vprintf
 .text._exit    0x0000000010002034        0x4 CMakeFiles/web_serial_bridge.dir/home/rouf/hardware-project/rp2040-usb-to-ttl/sdk/pico-sdk/src/rp2_common/pico_clib_interface/newlib_interface.c.o
                0x0000000010002034                _exit
 .text.exit     0x0000000010002038        0x8 CMakeFiles/web_serial_bridge.dir/home/rouf/hardware-project/rp2040-usb-to-ttl/sdk/pico-sdk/src/rp2_common/pico_clib_interface/newlib_interface.c.o
                0x0000000010002038                exit
 .text.runtime_init
                0x0000000010002040       0x2c CMakeFiles/web_serial_bridge.dir/home/rouf/hardware-project/rp2040-usb-to-ttl/sdk/pico-sdk/src/rp2_common/pico_clib_interface/newlib_interface.c.o
                0x0000000010002040                runtime_init
 .text.stdio_out_chars_no_crlf
                0x000000001000206c       0x10 CMakeFiles/web_serial_bridge.dir/home/rouf/hardware-project/rp2040-usb-to-ttl/sdk/pico-sdk/src/rp2_common/pico_stdio/stdio.c.o
 .text.stdio_out_chars_crlf
                0x000000001000207c       0xb4 CMakeFiles/web_serial_bridge.dir/home/rouf/hardware-project/rp2040-usb-to-ttl/sdk/pico-sdk/src/rp2_common/pico_stdio/stdio.c.o
 .text.stdio_put_string
                0x0000000010002130      0x100 CMakeFiles/web_serial_bridge.dir/home/rouf/hardware-project/rp2040-usb-to-ttl/sdk/pico-sdk/src/rp2_common/pico_stdio/stdio.c.o
                0x0000000010002130                stdio_put_string
 .text.stdio_set_driver_enabled
                0x0000000010002230       0x30 CMakeFiles/web_serial_bridge.dir/home/rouf/hardware-project/rp2040-usb-to-ttl/sdk/pico-sdk/src/rp2_common/pico_stdio/stdio.c.o
                0x0000000010002230                stdio_set_driver_enabled
 .text.stdio_init_all
                0x0000000010002260        0xc CMakeFiles/web_serial_bridge.dir/home/rouf/hardware-project/rp2040-usb-to-ttl/sdk/pico-sdk/src/rp2_common/pico_stdio/stdio.c.o
                0x0000000010002260                stdio_init_all
 .text.__wrap_putchar
                0x000000001000226c       0x98 CMakeFiles/web_serial_bridge.dir/home/rouf/hardware-project/rp2040-usb-to-ttl/sdk/pico-sdk/src/rp2_common/pico_stdio/stdio.c.o
                0x000000001000226c                stdio_putchar
                0x000000001000226c                __wrap_putchar
 .text.__wrap_puts
                0x0000000010002304       0x3c CMakeFiles/web_serial_bridge.dir/home/rouf/hardware-project/rp2040-usb-to-ttl/sdk/pico-sdk/src/rp2_common/pico_stdio/stdio.c.o
                0x0000000010002304                __wrap_puts
                0x0000000010002304                stdio_puts
 .text.stdio_uart_out_chars
                0x0000000010002340       0x4c CMakeFiles/web_serial_bridge.dir/home/rouf/hardware-project/rp2040-usb-to-ttl/sdk/pico-sdk/src/rp2_common/pico_stdio_uart/stdio_uart.c.o
 .text.stdio_uart_in_chars
                0x000000001000238c       0x84 CMakeFiles/web_serial_bridge.dir/home/rouf/hardware-project/rp2040-usb-to-ttl/sdk/pico-sdk/src/rp2_common/pico_stdio_uart/stdio_uart.c.o
                0x000000001000238c                stdio_uart_in_chars
 .text.on_uart_rx
                0x0000000010002410       0x28 CMakeFiles/web_serial_bridge.dir/home/rouf/hardware-project/rp2040-usb-to-ttl/sdk/pico-sdk/src/rp2_common/pico_stdio_uart/stdio_uart.c.o
 .text.stdio_uart_out_flush
                0x0000000010002438       0x14 CMakeFiles/web_serial_bridge.dir/home/rouf/hardware-project/rp2040-usb-to-ttl/sdk/pico-sdk/src/rp2_common/pico_stdio_uart/stdio_uart.c.o
 .text.stdio_uart_set_chars_available_callback
                0x000000001000244c       0x88 CMakeFiles/web_serial_bridge.dir/home/rouf/hardware-project/rp2040-usb-to-ttl/sdk/pico-sdk/src/rp2_common/pico_stdio_uart/stdio_uart.c.o
 .text.stdio_uart_init
                0x00000000100024d4       0x50 CMakeFiles/web_serial_bridge.dir/home/rouf/hardware-project/rp2040-usb-to-ttl/sdk/pico-sdk/src/rp2_common/pico_stdio_uart/stdio_uart.c.o
                0x00000000100024d4                stdio_uart_init
 .text.dcd_init
                0x0000000010002524       0x90 CMakeFiles/web_serial_bridge.dir/home/rouf/hardware-project/rp2040-usb-to-ttl/sdk/pico-sdk/lib/tinyusb/src/portable/raspberrypi/rp2040/dcd_rp2040.c.o
                0x0000000010002524                dcd_init
 .text.dcd_int_enable
                0x00000000100025b4        0xc CMakeFiles/web_serial_bridge.dir/home/rouf/hardware-project/rp2040-usb-to-ttl/sdk/pico-sdk/lib/tinyusb/src/portable/raspberrypi/rp2040/dcd_rp2040.c.o
                0x00000000100025b4                dcd_int_enable
 .text.dcd_set_address
                0x00000000100025c0       0x14 CMakeFiles/web_serial_bridge.dir/home/rouf/hardware-project/rp2040-usb-to-ttl/sdk/pico-sdk/lib/tinyusb/src/portable/raspberrypi/rp2040/dcd_rp2040.c.o
                0x00000000100025c0                dcd_set_address
 .text.dcd_sof_enable
                0x00000000100025d4       0x1c CMakeFiles/web_serial_bridge.dir/home/rouf/hardware-project/rp2040-usb-to-ttl/sdk/pico-sdk/lib/tinyusb/src/portable/raspberrypi/rp2040/dcd_rp2040.c.o
                0x00000000100025d4                dcd_sof_enable
 .text.dcd_edpt0_status_complete
                0x00000000100025f0       0x1c CMakeFiles/web_serial_bridge.dir/home/rouf/hardware-project/rp2040-usb-to-ttl/sdk/pico-sdk/lib/tinyusb/src/portable/raspberrypi/rp2040/dcd_rp2040.c.o
                0x00000000100025f0                dcd_edpt0_status_complete
 .text.dcd_edpt_open
                0x000000001000260c      0x114 CMakeFiles/web_serial_bridge.dir/home/rouf/hardware-project/rp2040-usb-to-ttl/sdk/pico-sdk/lib/tinyusb/src/portable/raspberrypi/rp2040/dcd_rp2040.c.o
                0x000000001000260c                dcd_edpt_open
 .text.dcd_edpt_close_all
                0x0000000010002720        0x8 CMakeFiles/web_serial_bridge.dir/home/rouf/hardware-project/rp2040-usb-to-ttl/sdk/pico-sdk/lib/tinyusb/src/portable/raspberrypi/rp2040/dcd_rp2040.c.o
                0x0000000010002720                dcd_edpt_close_all
 .text.dcd_edpt_xfer
                0x0000000010002728       0x24 CMakeFiles/web_serial_bridge.dir/home/rouf/hardware-project/rp2040-usb-to-ttl/sdk/pico-sdk/lib/tinyusb/src/portable/raspberrypi/rp2040/dcd_rp2040.c.o
                0x0000000010002728                dcd_edpt_xfer
 .text.dcd_edpt_stall
                0x000000001000274c       0x38 CMakeFiles/web_serial_bridge.dir/home/rouf/hardware-project/rp2040-usb-to-ttl/sdk/pico-sdk/lib/tinyusb/src/portable/raspberrypi/rp2040/dcd_rp2040.c.o
                0x000000001000274c                dcd_edpt_stall
 .text.dcd_edpt_clear_stall
                0x0000000010002784       0x30 CMakeFiles/web_serial_bridge.dir/home/rouf/hardware-project/rp2040-usb-to-ttl/sdk/pico-sdk/lib/tinyusb/src/portable/raspberrypi/rp2040/dcd_rp2040.c.o
                0x0000000010002784                dcd_edpt_clear_stall
 .text.rp2040_usb_init
                0x00000000100027b4       0x40 CMakeFiles/web_serial_bridge.dir/home/rouf/hardware-project/rp2040-usb-to-ttl/sdk/pico-sdk/lib/tinyusb/src/portable/raspberrypi/rp2040/rp2040_usb.c.o
                0x00000000100027b4                rp2040_usb_init
 .text.hw_endpoint_xfer_start
                0x00000000100027f4       0x50 CMakeFiles/web_serial_bridge.dir/home/rouf/hardware-project/rp2040-usb-to-ttl/sdk/pico-sdk/lib/tinyusb/src/portable/raspberrypi/rp2040/rp2040_usb.c.o
                0x00000000100027f4                hw_endpoint_xfer_start
 .text.tud_vendor_control_xfer_cb
                0x0000000010002844        0x4 CMakeFiles/web_serial_bridge.dir/home/rouf/hardware-project/rp2040-usb-to-ttl/sdk/pico-sdk/lib/tinyusb/src/device/usbd.c.o
                0x0000000010002844                tud_vendor_control_xfer_cb
 .text.tud_event_hook_cb
                0x0000000010002848        0x4 CMakeFiles/web_serial_bridge.dir/home/rouf/hardware-project/rp2040-usb-to-ttl/sdk/pico-sdk/lib/tinyusb/src/device/usbd.c.o
                0x0000000010002848                tud_event_hook_cb
 .text.tud_sof_cb
                0x000000001000284c        0x4 CMakeFiles/web_serial_bridge.dir/home/rouf/hardware-project/rp2040-usb-to-ttl/sdk/pico-sdk/lib/tinyusb/src/device/usbd.c.o
                0x000000001000284c                tud_sof_cb
 .text.tud_descriptor_bos_cb
                0x0000000010002850        0x4 CMakeFiles/web_serial_bridge.dir/home/rouf/hardware-project/rp2040-usb-to-ttl/sdk/pico-sdk/lib/tinyusb/src/device/usbd.c.o
                0x0000000010002850                tud_descriptor_bos_cb
 .text.tud_descriptor_device_qualifier_cb
                0x0000000010002854        0x4 CMakeFiles/web_serial_bridge.dir/home/rouf/hardware-project/rp2040-usb-to-ttl/sdk/pico-sdk/lib/tinyusb/src/device/usbd.c.o
                0x0000000010002854                tud_descriptor_device_qualifier_cb
 .text.tud_descriptor_other_speed_configuration_cb
                0x0000000010002858        0x4 CMakeFiles/web_serial_bridge.dir/home/rouf/hardware-project/rp2040-usb-to-ttl/sdk/pico-sdk/lib/tinyusb/src/device/usbd.c.o
                0x0000000010002858                tud_descriptor_other_speed_configuration_cb
 .text.tud_mount_cb
                0x000000001000285c        0x4 CMakeFiles/web_serial_bridge.dir/home/rouf/hardware-project/rp2040-usb-to-ttl/sdk/pico-sdk/lib/tinyusb/src/device/usbd.c.o
                0x000000001000285c                tud_mount_cb
 .text.tud_umount_cb
                0x0000000010002860        0x4 CMakeFiles/web_serial_bridge.dir/home/rouf/hardware-project/rp2040-usb-to-ttl/sdk/pico-sdk/lib/tinyusb/src/device/usbd.c.o
                0x0000000010002860                tud_umount_cb
 .text.tud_suspend_cb
                0x0000000010002864        0x4 CMakeFiles/web_serial_bridge.dir/home/rouf/hardware-project/rp2040-usb-to-ttl/sdk/pico-sdk/lib/tinyusb/src/device/usbd.c.o
                0x0000000010002864                tud_suspend_cb
 .text.tud_resume_cb
                0x0000000010002868        0x4 CMakeFiles/web_serial_bridge.dir/home/rouf/hardware-project/rp2040-usb-to-ttl/sdk/pico-sdk/lib/tinyusb/src/device/usbd.c.o
                0x0000000010002868                tud_resume_cb
 .text.tud_mounted
                0x000000001000286c       0x10 CMakeFiles/web_serial_bridge.dir/home/rouf/hardware-project/rp2040-usb-to-ttl/sdk/pico-sdk/lib/tinyusb/src/device/usbd.c.o
                0x000000001000286c                tud_mounted
 .text.tud_suspended
                0x000000001000287c       0x10 CMakeFiles/web_serial_bridge.dir/home/rouf/hardware-project/rp2040-usb-to-ttl/sdk/pico-sdk/lib/tinyusb/src/device/usbd.c.o
                0x000000001000287c                tud_suspended
 .text.tud_rhport_init
                0x000000001000288c       0xf0 CMakeFiles/web_serial_bridge.dir/home/rouf/hardware-project/rp2040-usb-to-ttl/sdk/pico-sdk/lib/tinyusb/src/device/usbd.c.o
                0x000000001000288c                tud_rhport_init
 .text.tud_task_ext
                0x000000001000297c      0x7bc CMakeFiles/web_serial_bridge.dir/home/rouf/hardware-project/rp2040-usb-to-ttl/sdk/pico-sdk/lib/tinyusb/src/device/usbd.c.o
                0x000000001000297c                tud_task_ext
 .text.usbd_open_edpt_pair
                0x0000000010003138       0x9c CMakeFiles/web_serial_bridge.dir/home/rouf/hardware-project/rp2040-usb-to-ttl/sdk/pico-sdk/lib/tinyusb/src/device/usbd.c.o
                0x0000000010003138                usbd_open_edpt_pair
 .text.usbd_edpt_open
                0x00000000100031d4       0x34 CMakeFiles/web_serial_bridge.dir/home/rouf/hardware-project/rp2040-usb-to-ttl/sdk/pico-sdk/lib/tinyusb/src/device/usbd.c.o
                0x00000000100031d4                usbd_edpt_open
 .text.usbd_edpt_claim
                0x0000000010003208       0x28 CMakeFiles/web_serial_bridge.dir/home/rouf/hardware-project/rp2040-usb-to-ttl/sdk/pico-sdk/lib/tinyusb/src/device/usbd.c.o
                0x0000000010003208                usbd_edpt_claim
 .text.usbd_edpt_release
                0x0000000010003230       0x28 CMakeFiles/web_serial_bridge.dir/home/rouf/hardware-project/rp2040-usb-to-ttl/sdk/pico-sdk/lib/tinyusb/src/device/usbd.c.o
                0x0000000010003230                usbd_edpt_release
 .text.usbd_edpt_xfer
                0x0000000010003258       0x4c CMakeFiles/web_serial_bridge.dir/home/rouf/hardware-project/rp2040-usb-to-ttl/sdk/pico-sdk/lib/tinyusb/src/device/usbd.c.o
                0x0000000010003258                usbd_edpt_xfer
 .text.tud_control_status
                0x00000000100032a4       0x30 CMakeFiles/web_serial_bridge.dir/home/rouf/hardware-project/rp2040-usb-to-ttl/sdk/pico-sdk/lib/tinyusb/src/device/usbd_control.c.o
                0x00000000100032a4                tud_control_status
 .text.tud_control_xfer
                0x00000000100032d4       0xbc CMakeFiles/web_serial_bridge.dir/home/rouf/hardware-project/rp2040-usb-to-ttl/sdk/pico-sdk/lib/tinyusb/src/device/usbd_control.c.o
                0x00000000100032d4                tud_control_xfer
 .text.usbd_control_reset
                0x0000000010003390       0x14 CMakeFiles/web_serial_bridge.dir/home/rouf/hardware-project/rp2040-usb-to-ttl/sdk/pico-sdk/lib/tinyusb/src/device/usbd_control.c.o
                0x0000000010003390                usbd_control_reset
 .text.usbd_control_set_complete_callback
                0x00000000100033a4        0xc CMakeFiles/web_serial_bridge.dir/home/rouf/hardware-project/rp2040-usb-to-ttl/sdk/pico-sdk/lib/tinyusb/src/device/usbd_control.c.o
                0x00000000100033a4                usbd_control_set_complete_callback
 .text.usbd_control_set_request
                0x00000000100033b0       0x1c CMakeFiles/web_serial_bridge.dir/home/rouf/hardware-project/rp2040-usb-to-ttl/sdk/pico-sdk/lib/tinyusb/src/device/usbd_control.c.o
                0x00000000100033b0                usbd_control_set_request
 .text.usbd_control_xfer_cb
                0x00000000100033cc       0xf0 CMakeFiles/web_serial_bridge.dir/home/rouf/hardware-project/rp2040-usb-to-ttl/sdk/pico-sdk/lib/tinyusb/src/device/usbd_control.c.o
                0x00000000100033cc                usbd_control_xfer_cb
 .text._prep_out_transaction.isra.0
                0x00000000100034bc       0x74 CMakeFiles/web_serial_bridge.dir/home/rouf/hardware-project/rp2040-usb-to-ttl/sdk/pico-sdk/lib/tinyusb/src/class/cdc/cdc_device.c.o
 .text.tud_cdc_n_connected
                0x0000000010003530       0x34 CMakeFiles/web_serial_bridge.dir/home/rouf/hardware-project/rp2040-usb-to-ttl/sdk/pico-sdk/lib/tinyusb/src/class/cdc/cdc_device.c.o
                0x0000000010003530                tud_cdc_n_connected
 .text.tud_cdc_n_available
                0x0000000010003564       0x20 CMakeFiles/web_serial_bridge.dir/home/rouf/hardware-project/rp2040-usb-to-ttl/sdk/pico-sdk/lib/tinyusb/src/class/cdc/cdc_device.c.o
                0x0000000010003564                tud_cdc_n_available
 .text.tud_cdc_n_read
                0x0000000010003584       0xa0 CMakeFiles/web_serial_bridge.dir/home/rouf/hardware-project/rp2040-usb-to-ttl/sdk/pico-sdk/lib/tinyusb/src/class/cdc/cdc_device.c.o
                0x0000000010003584                tud_cdc_n_read
 .text.tud_cdc_n_write_flush
                0x0000000010003624       0x7c CMakeFiles/web_serial_bridge.dir/home/rouf/hardware-project/rp2040-usb-to-ttl/sdk/pico-sdk/lib/tinyusb/src/class/cdc/cdc_device.c.o
                0x0000000010003624                tud_cdc_n_write_flush
 .text.tud_cdc_n_write
                0x00000000100036a0       0x48 CMakeFiles/web_serial_bridge.dir/home/rouf/hardware-project/rp2040-usb-to-ttl/sdk/pico-sdk/lib/tinyusb/src/class/cdc/cdc_device.c.o
                0x00000000100036a0                tud_cdc_n_write
 .text.cdcd_init
                0x00000000100036e8       0x80 CMakeFiles/web_serial_bridge.dir/home/rouf/hardware-project/rp2040-usb-to-ttl/sdk/pico-sdk/lib/tinyusb/src/class/cdc/cdc_device.c.o
                0x00000000100036e8                cdcd_init
 .text.cdcd_deinit
                0x0000000010003768       0x24 CMakeFiles/web_serial_bridge.dir/home/rouf/hardware-project/rp2040-usb-to-ttl/sdk/pico-sdk/lib/tinyusb/src/class/cdc/cdc_device.c.o
                0x0000000010003768                cdcd_deinit
 .text.cdcd_reset
                0x000000001000378c       0x4c CMakeFiles/web_serial_bridge.dir/home/rouf/hardware-project/rp2040-usb-to-ttl/sdk/pico-sdk/lib/tinyusb/src/class/cdc/cdc_device.c.o
                0x000000001000378c                cdcd_reset
 .text.cdcd_open
                0x00000000100037d8       0xa8 CMakeFiles/web_serial_bridge.dir/home/rouf/hardware-project/rp2040-usb-to-ttl/sdk/pico-sdk/lib/tinyusb/src/class/cdc/cdc_device.c.o
                0x00000000100037d8                cdcd_open
 .text.cdcd_control_xfer_cb
                0x0000000010003880       0xe8 CMakeFiles/web_serial_bridge.dir/home/rouf/hardware-project/rp2040-usb-to-ttl/sdk/pico-sdk/lib/tinyusb/src/class/cdc/cdc_device.c.o
                0x0000000010003880                cdcd_control_xfer_cb
 .text.cdcd_xfer_cb
                0x0000000010003968       0xfc CMakeFiles/web_serial_bridge.dir/home/rouf/hardware-project/rp2040-usb-to-ttl/sdk/pico-sdk/lib/tinyusb/src/class/cdc/cdc_device.c.o
                0x0000000010003968                cdcd_xfer_cb
 .text.tusb_rhport_init
                0x0000000010003a64       0x48 CMakeFiles/web_serial_bridge.dir/home/rouf/hardware-project/rp2040-usb-to-ttl/sdk/pico-sdk/lib/tinyusb/src/tusb.c.o
                0x0000000010003a64                tusb_rhport_init
 .text.tu_edpt_claim
                0x0000000010003aac       0x50 CMakeFiles/web_serial_bridge.dir/home/rouf/hardware-project/rp2040-usb-to-ttl/sdk/pico-sdk/lib/tinyusb/src/tusb.c.o
                0x0000000010003aac                tu_edpt_claim
 .text.tu_edpt_release
                0x0000000010003afc       0x38 CMakeFiles/web_serial_bridge.dir/home/rouf/hardware-project/rp2040-usb-to-ttl/sdk/pico-sdk/lib/tinyusb/src/tusb.c.o
                0x0000000010003afc                tu_edpt_release
 .text.tu_edpt_validate
                0x0000000010003b34       0x78 CMakeFiles/web_serial_bridge.dir/home/rouf/hardware-project/rp2040-usb-to-ttl/sdk/pico-sdk/lib/tinyusb/src/tusb.c.o
                0x0000000010003b34                tu_edpt_validate
 .text.tu_edpt_bind_driver
                0x0000000010003bac       0x34 CMakeFiles/web_serial_bridge.dir/home/rouf/hardware-project/rp2040-usb-to-ttl/sdk/pico-sdk/lib/tinyusb/src/tusb.c.o
                0x0000000010003bac                tu_edpt_bind_driver
 .text.tu_fifo_config
                0x0000000010003be0       0x70 CMakeFiles/web_serial_bridge.dir/home/rouf/hardware-project/rp2040-usb-to-ttl/sdk/pico-sdk/lib/tinyusb/src/common/tusb_fifo.c.o
                0x0000000010003be0                tu_fifo_config
 .text.tu_fifo_count
                0x0000000010003c50       0x2c CMakeFiles/web_serial_bridge.dir/home/rouf/hardware-project/rp2040-usb-to-ttl/sdk/pico-sdk/lib/tinyusb/src/common/tusb_fifo.c.o
                0x0000000010003c50                tu_fifo_count
 .text.tu_fifo_empty
                0x0000000010003c7c       0x10 CMakeFiles/web_serial_bridge.dir/home/rouf/hardware-project/rp2040-usb-to-ttl/sdk/pico-sdk/lib/tinyusb/src/common/tusb_fifo.c.o
                0x0000000010003c7c                tu_fifo_empty
 .text.tu_fifo_remaining
                0x0000000010003c8c       0x2c CMakeFiles/web_serial_bridge.dir/home/rouf/hardware-project/rp2040-usb-to-ttl/sdk/pico-sdk/lib/tinyusb/src/common/tusb_fifo.c.o
                0x0000000010003c8c                tu_fifo_remaining
 .text.tu_fifo_read
                0x0000000010003cb8       0xa0 CMakeFiles/web_serial_bridge.dir/home/rouf/hardware-project/rp2040-usb-to-ttl/sdk/pico-sdk/lib/tinyusb/src/common/tusb_fifo.c.o
                0x0000000010003cb8                tu_fifo_read
 .text.tu_fifo_read_n
                0x0000000010003d58       0xec CMakeFiles/web_serial_bridge.dir/home/rouf/hardware-project/rp2040-usb-to-ttl/sdk/pico-sdk/lib/tinyusb/src/common/tusb_fifo.c.o
                0x0000000010003d58                tu_fifo_read_n
 .text.tu_fifo_write
                0x0000000010003e44       0x88 CMakeFiles/web_serial_bridge.dir/home/rouf/hardware-project/rp2040-usb-to-ttl/sdk/pico-sdk/lib/tinyusb/src/common/tusb_fifo.c.o
                0x0000000010003e44                tu_fifo_write
 .text.tu_fifo_write_n
                0x0000000010003ecc      0x168 CMakeFiles/web_serial_bridge.dir/home/rouf/hardware-project/rp2040-usb-to-ttl/sdk/pico-sdk/lib/tinyusb/src/common/tusb_fifo.c.o
                0x0000000010003ecc                tu_fifo_write_n
 .text.tu_fifo_clear
                0x0000000010004034       0x40 CMakeFiles/web_serial_bridge.dir/home/rouf/hardware-project/rp2040-usb-to-ttl/sdk/pico-sdk/lib/tinyusb/src/common/tusb_fifo.c.o
                0x0000000010004034                tu_fifo_clear
 .text.tu_fifo_set_overwritable
                0x0000000010004074       0x48 CMakeFiles/web_serial_bridge.dir/home/rouf/hardware-project/rp2040-usb-to-ttl/sdk/pico-sdk/lib/tinyusb/src/common/tusb_fifo.c.o
                0x0000000010004074                tu_fifo_set_overwritable
 .text          0x00000000100040bc       0x5c /usr/lib/gcc/arm-none-eabi/10.3.1/../../../arm-none-eabi/lib/thumb/v6-m/nofp/libg.a(lib_a-strlen-stub.o)
                0x00000000100040bc                strlen
 *(.fini)
 .fini          0x0000000010004118        0x4 /usr/lib/gcc/arm-none-eabi/10.3.1/thumb/v6-m/nofp/crti.o
                0x0000000010004118                _fini
 *fill*         0x000000001000411c        0x4 
 .fini.__stub   0x0000000010004120       0xa0 linker stubs
 *crtbegin.o(.ctors)
 *crtbegin?.o(.ctors)
 *(EXCLUDE_FILE(*crtend.o *crtend?.o) .ctors)
 *(SORT_BY_NAME(.ctors.*))
 *(.ctors)
 *crtbegin.o(.dtors)
 *crtbegin?.o(.dtors)
 *(EXCLUDE_FILE(*crtend.o *crtend?.o) .dtors)
 *(SORT_BY_NAME(.dtors.*))
 *(.dtors)
                0x00000000100041c0                . = ALIGN (0x4)
                0x00000000100041c0                PROVIDE (__preinit_array_start = .)
 *(SORT_BY_NAME(.preinit_array.*))
 .preinit_array.00100
                0x00000000100041c0        0x4 CMakeFiles/web_serial_bridge.dir/home/rouf/hardware-project/rp2040-usb-to-ttl/sdk/pico-sdk/src/rp2_common/pico_runtime_init/runtime_init.c.o
                0x00000000100041c0                __pre_init_runtime_init_early_resets
 .preinit_array.00101
                0x00000000100041c4        0x4 CMakeFiles/web_serial_bridge.dir/home/rouf/hardware-project/rp2040-usb-to-ttl/sdk/pico-sdk/src/rp2_common/pico_runtime_init/runtime_init.c.o
                0x00000000100041c4                __pre_init_runtime_init_usb_power_down
 .preinit_array.00275
                0x00000000100041c8        0x4 CMakeFiles/web_serial_bridge.dir/home/rouf/hardware-project/rp2040-usb-to-ttl/sdk/pico-sdk/src/rp2_common/pico_bit_ops/bit_ops_aeabi.S.o
 .preinit_array.00300
                0x00000000100041cc        0x4 CMakeFiles/web_serial_bridge.dir/home/rouf/hardware-project/rp2040-usb-to-ttl/sdk/pico-sdk/src/rp2_common/pico_mem_ops/mem_ops_aeabi.S.o
 .preinit_array.00350
                0x00000000100041d0        0x4 CMakeFiles/web_serial_bridge.dir/home/rouf/hardware-project/rp2040-usb-to-ttl/sdk/pico-sdk/src/rp2_common/pico_double/double_aeabi_rp2040.S.o
 .preinit_array.00350
                0x00000000100041d4        0x4 CMakeFiles/web_serial_bridge.dir/home/rouf/hardware-project/rp2040-usb-to-ttl/sdk/pico-sdk/src/rp2_common/pico_float/float_aeabi_rp2040.S.o
 .preinit_array.00500
                0x00000000100041d8        0x4 CMakeFiles/web_serial_bridge.dir/home/rouf/hardware-project/rp2040-usb-to-ttl/sdk/pico-sdk/src/rp2_common/pico_runtime_init/runtime_init.c.o
                0x00000000100041d8                __pre_init_runtime_init_clocks
 .preinit_array.00600
                0x00000000100041dc        0x4 CMakeFiles/web_serial_bridge.dir/home/rouf/hardware-project/rp2040-usb-to-ttl/sdk/pico-sdk/src/rp2_common/pico_runtime_init/runtime_init.c.o
                0x00000000100041dc                __pre_init_runtime_init_post_clock_resets
 .preinit_array.00700
                0x00000000100041e0        0x4 CMakeFiles/web_serial_bridge.dir/home/rouf/hardware-project/rp2040-usb-to-ttl/sdk/pico-sdk/src/rp2_common/pico_runtime_init/runtime_init.c.o
                0x00000000100041e0                __pre_init_runtime_init_rp2040_gpio_ie_disable
 .preinit_array.01000
                0x00000000100041e4        0x4 CMakeFiles/web_serial_bridge.dir/home/rouf/hardware-project/rp2040-usb-to-ttl/sdk/pico-sdk/src/rp2_common/pico_runtime_init/runtime_init.c.o
                0x00000000100041e4                __pre_init_runtime_init_spin_locks_reset
 .preinit_array.01100
                0x00000000100041e8        0x4 CMakeFiles/web_serial_bridge.dir/home/rouf/hardware-project/rp2040-usb-to-ttl/sdk/pico-sdk/src/common/pico_sync/mutex.c.o
                0x00000000100041e8                __pre_init_runtime_init_mutex
 .preinit_array.10080
                0x00000000100041ec        0x4 CMakeFiles/web_serial_bridge.dir/home/rouf/hardware-project/rp2040-usb-to-ttl/sdk/pico-sdk/src/rp2_common/pico_runtime_init/runtime_init.c.o
                0x00000000100041ec                __pre_init_runtime_init_install_ram_vector_table
 .preinit_array.11000
                0x00000000100041f0        0x4 CMakeFiles/web_serial_bridge.dir/home/rouf/hardware-project/rp2040-usb-to-ttl/sdk/pico-sdk/src/common/pico_time/time.c.o
                0x00000000100041f0                __pre_init_runtime_init_default_alarm_pool
 .preinit_array.YYYYY
                0x00000000100041f4        0x4 CMakeFiles/web_serial_bridge.dir/home/rouf/hardware-project/rp2040-usb-to-ttl/sdk/pico-sdk/src/rp2_common/pico_runtime/runtime.c.o
                0x00000000100041f4                __pre_init_first_per_core_initializer
 .preinit_array.ZZZZZ.01200
                0x00000000100041f8        0x4 CMakeFiles/web_serial_bridge.dir/home/rouf/hardware-project/rp2040-usb-to-ttl/sdk/pico-sdk/src/rp2_common/hardware_irq/irq.c.o
                0x00000000100041f8                __pre_init_runtime_init_per_core_irq_priorities
 *(.preinit_array)
                0x00000000100041fc                PROVIDE (__preinit_array_end = .)
                0x00000000100041fc                . = ALIGN (0x4)
                0x00000000100041fc                PROVIDE (__init_array_start = .)
 *(SORT_BY_NAME(.init_array.*))
 *(.init_array)
 .init_array    0x00000000100041fc        0x4 /usr/lib/gcc/arm-none-eabi/10.3.1/thumb/v6-m/nofp/crtbegin.o
                0x0000000010004200                PROVIDE (__init_array_end = .)
                0x0000000010004200                . = ALIGN (0x4)
                0x0000000010004200                PROVIDE (__fini_array_start = .)
 *(SORT_BY_NAME(.fini_array.*))
 *(.fini_array)
                0x0000000010004200                PROVIDE (__fini_array_end = .)
 *(.eh_frame*)
 .eh_frame      0x0000000010004200        0x0 /usr/lib/gcc/arm-none-eabi/10.3.1/thumb/v6-m/nofp/crtbegin.o
                0x0000000010004200                . = ALIGN (0x4)

.glue_7         0x0000000010004200        0x0
 .glue_7        0x0000000010004200        0x0 linker stubs

.glue_7t        0x0000000010004200        0x0
 .glue_7t       0x0000000010004200        0x0 linker stubs

.vfp11_veneer   0x0000000010004200        0x0
 .vfp11_veneer  0x0000000010004200        0x0 linker stubs

.v4_bx          0x0000000010004200        0x0
 .v4_bx         0x0000000010004200        0x0 linker stubs

.iplt           0x0000000010004200        0x0
 .iplt          0x0000000010004200        0x0 /usr/lib/gcc/arm-none-eabi/10.3.1/thumb/v6-m/nofp/crtbegin.o

.rodata         0x0000000010004200      0x354
 *(EXCLUDE_FILE(*libm.a: *libc.a:*lib_a-mem*.o *libgcc.a:) .rodata*)
 .rodata.main.str1.4
                0x0000000010004200       0x4d CMakeFiles/web_serial_bridge.dir/src/main.c.o
 *fill*         0x000000001000424d        0x3 
 .rodata.str1.4
                0x0000000010004250       0x22 CMakeFiles/web_serial_bridge.dir/src/usb_descriptors.c.o
 *fill*         0x0000000010004272        0x2 
 .rodata.usbd_desc_cfg
                0x0000000010004274       0x4b CMakeFiles/web_serial_bridge.dir/src/usb_descriptors.c.o
 *fill*         0x00000000100042bf        0x1 
 .rodata.usbd_desc_device
                0x00000000100042c0       0x12 CMakeFiles/web_serial_bridge.dir/src/usb_descriptors.c.o
 *fill*         0x00000000100042d2        0x2 
 .rodata.usbd_desc_str
                0x00000000100042d4       0x14 CMakeFiles/web_serial_bridge.dir/src/usb_descriptors.c.o
 .rodata.panic.str1.4
                0x00000000100042e8       0x12 CMakeFiles/web_serial_bridge.dir/home/rouf/hardware-project/rp2040-usb-to-ttl/sdk/pico-sdk/src/rp2_common/pico_platform_panic/panic.c.o
 *fill*         0x00000000100042fa        0x2 
 .rodata.spin_lock_claim_unused.str1.4
                0x00000000100042fc       0x1b CMakeFiles/web_serial_bridge.dir/home/rouf/hardware-project/rp2040-usb-to-ttl/sdk/pico-sdk/src/rp2_common/hardware_sync/sync.c.o
 *fill*         0x0000000010004317        0x1 
 .rodata.timer_hardware_alarm_claim.str1.4
                0x0000000010004318       0x22 CMakeFiles/web_serial_bridge.dir/home/rouf/hardware-project/rp2040-usb-to-ttl/sdk/pico-sdk/src/rp2_common/hardware_timer/timer.c.o
 *fill*         0x000000001000433a        0x2 
 .rodata.hard_assertion_failure.str1.4
                0x000000001000433c        0xc CMakeFiles/web_serial_bridge.dir/home/rouf/hardware-project/rp2040-usb-to-ttl/sdk/pico-sdk/src/rp2_common/pico_runtime/runtime.c.o
 .rodata.str1.4
                0x0000000010004348       0x48 CMakeFiles/web_serial_bridge.dir/home/rouf/hardware-project/rp2040-usb-to-ttl/sdk/pico-sdk/src/rp2_common/pico_standard_binary_info/standard_binary_info.c.o
 .rodata.__bi_26
                0x0000000010004390        0xc CMakeFiles/web_serial_bridge.dir/home/rouf/hardware-project/rp2040-usb-to-ttl/sdk/pico-sdk/src/rp2_common/pico_standard_binary_info/standard_binary_info.c.o
 .rodata.__bi_34
                0x000000001000439c        0xc CMakeFiles/web_serial_bridge.dir/home/rouf/hardware-project/rp2040-usb-to-ttl/sdk/pico-sdk/src/rp2_common/pico_standard_binary_info/standard_binary_info.c.o
 .rodata.__bi_42
                0x00000000100043a8        0xc CMakeFiles/web_serial_bridge.dir/home/rouf/hardware-project/rp2040-usb-to-ttl/sdk/pico-sdk/src/rp2_common/pico_standard_binary_info/standard_binary_info.c.o
 .rodata.__bi_48
                0x00000000100043b4        0xc CMakeFiles/web_serial_bridge.dir/home/rouf/hardware-project/rp2040-usb-to-ttl/sdk/pico-sdk/src/rp2_common/pico_standard_binary_info/standard_binary_info.c.o
 .rodata.__bi_54
                0x00000000100043c0        0xc CMakeFiles/web_serial_bridge.dir/home/rouf/hardware-project/rp2040-usb-to-ttl/sdk/pico-sdk/src/rp2_common/pico_standard_binary_info/standard_binary_info.c.o
 .rodata.__bi_78
                0x00000000100043cc        0xc CMakeFiles/web_serial_bridge.dir/home/rouf/hardware-project/rp2040-usb-to-ttl/sdk/pico-sdk/src/rp2_common/pico_standard_binary_info/standard_binary_info.c.o
 .rodata.__bi_84
                0x00000000100043d8        0xc CMakeFiles/web_serial_bridge.dir/home/rouf/hardware-project/rp2040-usb-to-ttl/sdk/pico-sdk/src/rp2_common/pico_standard_binary_info/standard_binary_info.c.o
 .rodata.crlf_str.0
                0x00000000100043e4        0x2 CMakeFiles/web_serial_bridge.dir/home/rouf/hardware-project/rp2040-usb-to-ttl/sdk/pico-sdk/src/rp2_common/pico_stdio/stdio.c.o
 *fill*         0x00000000100043e6        0x2 
 .rodata.str1.4
                0x00000000100043e8       0x2c CMakeFiles/web_serial_bridge.dir/home/rouf/hardware-project/rp2040-usb-to-ttl/sdk/pico-sdk/src/rp2_common/pico_stdio_uart/stdio_uart.c.o
 .rodata.__bi_45.4
                0x0000000010004414        0xc CMakeFiles/web_serial_bridge.dir/home/rouf/hardware-project/rp2040-usb-to-ttl/sdk/pico-sdk/src/rp2_common/pico_stdio_uart/stdio_uart.c.o
 .rodata.__bi_49.5
                0x0000000010004420        0x8 CMakeFiles/web_serial_bridge.dir/home/rouf/hardware-project/rp2040-usb-to-ttl/sdk/pico-sdk/src/rp2_common/pico_stdio_uart/stdio_uart.c.o
 .rodata.__bi_50.6
                0x0000000010004428        0x8 CMakeFiles/web_serial_bridge.dir/home/rouf/hardware-project/rp2040-usb-to-ttl/sdk/pico-sdk/src/rp2_common/pico_stdio_uart/stdio_uart.c.o
 .rodata.str1.4
                0x0000000010004430       0x14 CMakeFiles/web_serial_bridge.dir/home/rouf/hardware-project/rp2040-usb-to-ttl/sdk/pico-sdk/lib/tinyusb/src/portable/raspberrypi/rp2040/dcd_rp2040.c.o
 .rodata.str1.4
                0x0000000010004444       0x48 CMakeFiles/web_serial_bridge.dir/home/rouf/hardware-project/rp2040-usb-to-ttl/sdk/pico-sdk/lib/tinyusb/src/portable/raspberrypi/rp2040/rp2040_usb.c.o
 .rodata.tud_task_ext
                0x000000001000448c       0x8c CMakeFiles/web_serial_bridge.dir/home/rouf/hardware-project/rp2040-usb-to-ttl/sdk/pico-sdk/lib/tinyusb/src/device/usbd.c.o
 .rodata        0x0000000010004518       0x1c CMakeFiles/web_serial_bridge.dir/home/rouf/hardware-project/rp2040-usb-to-ttl/sdk/pico-sdk/lib/tinyusb/src/device/usbd.c.o
 .rodata._usbd_driver
                0x0000000010004534       0x20 CMakeFiles/web_serial_bridge.dir/home/rouf/hardware-project/rp2040-usb-to-ttl/sdk/pico-sdk/lib/tinyusb/src/device/usbd.c.o
                0x0000000010004554                . = ALIGN (0x4)
 *(SORT_BY_ALIGNMENT(SORT_BY_NAME(.flashdata*)))
                0x0000000010004554                . = ALIGN (0x4)

.ARM.extab
 *(.ARM.extab* .gnu.linkonce.armextab.*)
                0x0000000010004554                __exidx_start = .

.ARM.exidx
 *(.ARM.exidx* .gnu.linkonce.armexidx.*)
                0x0000000010004554                __exidx_end = .
                0x0000000010004554                . = ALIGN (0x4)
                0x0000000010004554                __binary_info_start = .

.binary_info    0x0000000010004554       0x28
 *(.binary_info.keep.*)
 .binary_info.keep.__bi_ptr26
                0x0000000010004554        0x4 CMakeFiles/web_serial_bridge.dir/home/rouf/hardware-project/rp2040-usb-to-ttl/sdk/pico-sdk/src/rp2_common/pico_standard_binary_info/standard_binary_info.c.o
 .binary_info.keep.__bi_ptr34
                0x0000000010004558        0x4 CMakeFiles/web_serial_bridge.dir/home/rouf/hardware-project/rp2040-usb-to-ttl/sdk/pico-sdk/src/rp2_common/pico_standard_binary_info/standard_binary_info.c.o
 .binary_info.keep.__bi_ptr42
                0x000000001000455c        0x4 CMakeFiles/web_serial_bridge.dir/home/rouf/hardware-project/rp2040-usb-to-ttl/sdk/pico-sdk/src/rp2_common/pico_standard_binary_info/standard_binary_info.c.o
 .binary_info.keep.__bi_ptr48
                0x0000000010004560        0x4 CMakeFiles/web_serial_bridge.dir/home/rouf/hardware-project/rp2040-usb-to-ttl/sdk/pico-sdk/src/rp2_common/pico_standard_binary_info/standard_binary_info.c.o
 .binary_info.keep.__bi_ptr54
                0x0000000010004564        0x4 CMakeFiles/web_serial_bridge.dir/home/rouf/hardware-project/rp2040-usb-to-ttl/sdk/pico-sdk/src/rp2_common/pico_standard_binary_info/standard_binary_info.c.o
 .binary_info.keep.__bi_ptr78
                0x0000000010004568        0x4 CMakeFiles/web_serial_bridge.dir/home/rouf/hardware-project/rp2040-usb-to-ttl/sdk/pico-sdk/src/rp2_common/pico_standard_binary_info/standard_binary_info.c.o
 .binary_info.keep.__bi_ptr84
                0x000000001000456c        0x4 CMakeFiles/web_serial_bridge.dir/home/rouf/hardware-project/rp2040-usb-to-ttl/sdk/pico-sdk/src/rp2_common/pico_standard_binary_info/standard_binary_info.c.o
 *(.binary_info.*)
 .binary_info.__bi_ptr45
                0x0000000010004570        0x4 CMakeFiles/web_serial_bridge.dir/home/rouf/hardware-project/rp2040-usb-to-ttl/sdk/pico-sdk/src/rp2_common/pico_stdio_uart/stdio_uart.c.o
 .binary_info.__bi_ptr49
                0x0000000010004574        0x4 CMakeFiles/web_serial_bridge.dir/home/rouf/hardware-project/rp2040-usb-to-ttl/sdk/pico-sdk/src/rp2_common/pico_stdio_uart/stdio_uart.c.o
 .binary_info.__bi_ptr50
                0x0000000010004578        0x4 CMakeFiles/web_serial_bridge.dir/home/rouf/hardware-project/rp2040-usb-to-ttl/sdk/pico-sdk/src/rp2_common/pico_stdio_uart/stdio_uart.c.o
                0x000000001000457c                __binary_info_end = .
                0x000000001000457c                . = ALIGN (0x4)

.ram_vector_table
                0x0000000020000000       0xc0
 *(.ram_vector_table)
 .ram_vector_table
                0x0000000020000000       0xc0 CMakeFiles/web_serial_bridge.dir/home/rouf/hardware-project/rp2040-usb-to-ttl/sdk/pico-sdk/src/rp2_common/pico_runtime_init/runtime_init.c.o
                0x0000000020000000                ram_vector_table

.uninitialized_data
                0x00000000200000c0        0x0
                0x00000000200000c0                . = ALIGN (0x4)
 *(.uninitialized_data*)

.data           0x00000000200000c0      0xe50 load address 0x000000001000457c
                0x00000000200000c0                __data_start__ = .
 *(vtable)
 *(.time_critical*)
 .time_critical.mutex_try_enter_block_until
                0x00000000200000c0       0x9c CMakeFiles/web_serial_bridge.dir/home/rouf/hardware-project/rp2040-usb-to-ttl/sdk/pico-sdk/src/common/pico_sync/mutex.c.o
                0x00000000200000c0                mutex_try_enter_block_until
 .time_critical.mutex_enter_timeout_ms
                0x000000002000015c       0x90 CMakeFiles/web_serial_bridge.dir/home/rouf/hardware-project/rp2040-usb-to-ttl/sdk/pico-sdk/src/common/pico_sync/mutex.c.o
                0x000000002000015c                mutex_enter_timeout_ms
 .time_critical.mutex_exit
                0x00000000200001ec       0x28 CMakeFiles/web_serial_bridge.dir/home/rouf/hardware-project/rp2040-usb-to-ttl/sdk/pico-sdk/src/common/pico_sync/mutex.c.o
                0x00000000200001ec                mutex_exit
 .time_critical.reset_non_control_endpoints
                0x0000000020000214       0xbc CMakeFiles/web_serial_bridge.dir/home/rouf/hardware-project/rp2040-usb-to-ttl/sdk/pico-sdk/lib/tinyusb/src/portable/raspberrypi/rp2040/dcd_rp2040.c.o
 .time_critical.hw_handle_buff_status
                0x00000000200002d0       0x98 CMakeFiles/web_serial_bridge.dir/home/rouf/hardware-project/rp2040-usb-to-ttl/sdk/pico-sdk/lib/tinyusb/src/portable/raspberrypi/rp2040/dcd_rp2040.c.o
 .time_critical.dcd_rp2040_irq
                0x0000000020000368      0x530 CMakeFiles/web_serial_bridge.dir/home/rouf/hardware-project/rp2040-usb-to-ttl/sdk/pico-sdk/lib/tinyusb/src/portable/raspberrypi/rp2040/dcd_rp2040.c.o
 .time_critical.prepare_ep_buffer
                0x0000000020000898       0xf4 CMakeFiles/web_serial_bridge.dir/home/rouf/hardware-project/rp2040-usb-to-ttl/sdk/pico-sdk/lib/tinyusb/src/portable/raspberrypi/rp2040/rp2040_usb.c.o
 .time_critical.sync_ep_buffer
                0x000000002000098c       0xb4 CMakeFiles/web_serial_bridge.dir/home/rouf/hardware-project/rp2040-usb-to-ttl/sdk/pico-sdk/lib/tinyusb/src/portable/raspberrypi/rp2040/rp2040_usb.c.o
 .time_critical._hw_endpoint_xfer_sync
                0x0000000020000a40       0x28 CMakeFiles/web_serial_bridge.dir/home/rouf/hardware-project/rp2040-usb-to-ttl/sdk/pico-sdk/lib/tinyusb/src/portable/raspberrypi/rp2040/rp2040_usb.c.o
 .time_critical.e15_is_bulkin_ep
                0x0000000020000a68       0x28 CMakeFiles/web_serial_bridge.dir/home/rouf/hardware-project/rp2040-usb-to-ttl/sdk/pico-sdk/lib/tinyusb/src/portable/raspberrypi/rp2040/rp2040_usb.c.o
 .time_critical.e15_is_critical_frame_period
                0x0000000020000a90       0x34 CMakeFiles/web_serial_bridge.dir/home/rouf/hardware-project/rp2040-usb-to-ttl/sdk/pico-sdk/lib/tinyusb/src/portable/raspberrypi/rp2040/rp2040_usb.c.o
 .time_critical.hw_endpoint_reset_transfer
                0x0000000020000ac4        0xc CMakeFiles/web_serial_bridge.dir/home/rouf/hardware-project/rp2040-usb-to-ttl/sdk/pico-sdk/lib/tinyusb/src/portable/raspberrypi/rp2040/rp2040_usb.c.o
                0x0000000020000ac4                hw_endpoint_reset_transfer
 .time_critical._hw_endpoint_buffer_control_update32
                0x0000000020000ad0       0x50 CMakeFiles/web_serial_bridge.dir/home/rouf/hardware-project/rp2040-usb-to-ttl/sdk/pico-sdk/lib/tinyusb/src/portable/raspberrypi/rp2040/rp2040_usb.c.o
                0x0000000020000ad0                _hw_endpoint_buffer_control_update32
 .time_critical.hw_endpoint_start_next_buffer
                0x0000000020000b20       0x6c CMakeFiles/web_serial_bridge.dir/home/rouf/hardware-project/rp2040-usb-to-ttl/sdk/pico-sdk/lib/tinyusb/src/portable/raspberrypi/rp2040/rp2040_usb.c.o
                0x0000000020000b20                hw_endpoint_start_next_buffer
 .time_critical.hw_endpoint_xfer_continue
                0x0000000020000b8c       0x40 CMakeFiles/web_serial_bridge.dir/home/rouf/hardware-project/rp2040-usb-to-ttl/sdk/pico-sdk/lib/tinyusb/src/portable/raspberrypi/rp2040/rp2040_usb.c.o
                0x0000000020000b8c                hw_endpoint_xfer_continue
 .time_critical.tinyusb
                0x0000000020000bcc      0x1e8 CMakeFiles/web_serial_bridge.dir/home/rouf/hardware-project/rp2040-usb-to-ttl/sdk/pico-sdk/lib/tinyusb/src/device/usbd.c.o
                0x0000000020000bcc                dcd_event_handler
 *(.text*)
 .text          0x0000000020000db4        0x4 /usr/lib/gcc/arm-none-eabi/10.3.1/thumb/v6-m/nofp/libgcc.a(_dvmd_tls.o)
                0x0000000020000db4                __aeabi_ldiv0
                0x0000000020000db4                __aeabi_idiv0
 .text.__stub   0x0000000020000db8       0x80 linker stubs
                0x0000000020000e38                . = ALIGN (0x4)
 *(.rodata*)
                0x0000000020000e38                . = ALIGN (0x4)
 *(.data*)
 .data.usbd_serial
                0x0000000020000e38       0x11 CMakeFiles/web_serial_bridge.dir/src/usb_descriptors.c.o
 .data.striped_spin_lock_num
                0x0000000020000e49        0x1 CMakeFiles/web_serial_bridge.dir/home/rouf/hardware-project/rp2040-usb-to-ttl/sdk/pico-sdk/src/rp2_common/hardware_sync/sync.c.o
 *fill*         0x0000000020000e4a        0x2 
 .data          0x0000000020000e4c       0x48 CMakeFiles/web_serial_bridge.dir/home/rouf/hardware-project/rp2040-usb-to-ttl/sdk/pico-sdk/src/rp2_common/hardware_irq/irq_handler_chain.S.o
                0x0000000020000e4c                irq_handler_chain_slots
                0x0000000020000e7c                irq_handler_chain_first_slot
                0x0000000020000e86                irq_handler_chain_remove_tail
 .data.default_alarm_pool
                0x0000000020000e94       0x18 CMakeFiles/web_serial_bridge.dir/home/rouf/hardware-project/rp2040-usb-to-ttl/sdk/pico-sdk/src/common/pico_time/time.c.o
 *fill*         0x0000000020000eac        0x4 
 .data.aeabi_bits_funcs
                0x0000000020000eb0       0x10 CMakeFiles/web_serial_bridge.dir/home/rouf/hardware-project/rp2040-usb-to-ttl/sdk/pico-sdk/src/rp2_common/pico_bit_ops/bit_ops_aeabi.S.o
                0x0000000020000eb0                aeabi_bits_funcs
                0x0000000020000ec0                aeabi_bits_funcs_end
 .data.aeabi_mem_funcs
                0x0000000020000ec0       0x10 CMakeFiles/web_serial_bridge.dir/home/rouf/hardware-project/rp2040-usb-to-ttl/sdk/pico-sdk/src/rp2_common/pico_mem_ops/mem_ops_aeabi.S.o
                0x0000000020000ec0                aeabi_mem_funcs
                0x0000000020000ed0                aeabi_mem_funcs_end
 .data.stdio_uart
                0x0000000020000ed0       0x18 CMakeFiles/web_serial_bridge.dir/home/rouf/hardware-project/rp2040-usb-to-ttl/sdk/pico-sdk/src/rp2_common/pico_stdio_uart/stdio_uart.c.o
                0x0000000020000ed0                stdio_uart
 .data._usbd_qdef
                0x0000000020000ee8       0x1c CMakeFiles/web_serial_bridge.dir/home/rouf/hardware-project/rp2040-usb-to-ttl/sdk/pico-sdk/lib/tinyusb/src/device/usbd.c.o
                0x0000000020000ee8                _usbd_qdef
 .data._usbd_rhport
                0x0000000020000f04        0x1 CMakeFiles/web_serial_bridge.dir/home/rouf/hardware-project/rp2040-usb-to-ttl/sdk/pico-sdk/lib/tinyusb/src/device/usbd.c.o
                0x0000000020000f08                . = ALIGN (0x4)
 *fill*         0x0000000020000f05        0x3 
 *(.after_data.*)
                0x0000000020000f08                . = ALIGN (0x4)
                0x0000000020000f08                PROVIDE (__mutex_array_start = .)
 *(SORT_BY_NAME(.mutex_array.*))
 *(.mutex_array)
 .mutex_array   0x0000000020000f08        0x8 CMakeFiles/web_serial_bridge.dir/home/rouf/hardware-project/rp2040-usb-to-ttl/sdk/pico-sdk/src/rp2_common/pico_stdio/stdio.c.o
                0x0000000020000f10                PROVIDE (__mutex_array_end = .)
                0x0000000020000f10                . = ALIGN (0x4)
 *(.jcr)
                0x0000000020000f10                . = ALIGN (0x4)

.tm_clone_table
                0x0000000020000f10        0x0 load address 0x00000000100053cc
 .tm_clone_table
                0x0000000020000f10        0x0 /usr/lib/gcc/arm-none-eabi/10.3.1/thumb/v6-m/nofp/crtbegin.o
 .tm_clone_table
                0x0000000020000f10        0x0 /usr/lib/gcc/arm-none-eabi/10.3.1/thumb/v6-m/nofp/crtend.o

.igot.plt       0x0000000020000f10        0x0 load address 0x00000000100053cc
 .igot.plt      0x0000000020000f10        0x0 /usr/lib/gcc/arm-none-eabi/10.3.1/thumb/v6-m/nofp/crtbegin.o

.tdata          0x0000000020000f10        0x0 load address 0x00000000100053cc
                0x0000000020000f10                . = ALIGN (0x4)
 *(.tdata .tdata.* .gnu.linkonce.td.*)
                0x0000000020000f10                __tdata_end = .
                0x0000000020000f10                PROVIDE (__data_end__ = .)
                0x000000001000457c                __etext = LOADADDR (.data)

.tbss           0x0000000020000f10        0x0 load address 0x00000000100053cc
                0x0000000020000f10                . = ALIGN (0x4)
                0x0000000020000f10                __bss_start__ = .
                0x0000000020000f10                __tls_base = .
 *(.tbss .tbss.* .gnu.linkonce.tb.*)
 *(.tcommon)
                0x0000000020000f10                __tls_end = .

.bss            0x0000000020000f10     0x1394 load address 0x00000000100053cc
                0x0000000020000f10                . = ALIGN (0x4)
                0x0000000020000f10                __tbss_end = .
 *(SORT_BY_ALIGNMENT(SORT_BY_NAME(.bss*)))
 .bss.default_alarm_pool_entries
                0x0000000020000f10      0x180 CMakeFiles/web_serial_bridge.dir/home/rouf/hardware-project/rp2040-usb-to-ttl/sdk/pico-sdk/src/common/pico_time/time.c.o
 .bss.sd_table  0x0000000020001090      0x100 CMakeFiles/web_serial_bridge.dir/home/rouf/hardware-project/rp2040-usb-to-ttl/sdk/pico-sdk/src/rp2_common/pico_double/double_init_rom_rp2040.c.o
                0x0000000020001090                sd_table
 .bss.sf_table  0x0000000020001190      0x100 CMakeFiles/web_serial_bridge.dir/home/rouf/hardware-project/rp2040-usb-to-ttl/sdk/pico-sdk/src/rp2_common/pico_float/float_init_rom_rp2040.c.o
                0x0000000020001190                sf_table
 .bss           0x0000000020001290       0x1c /usr/lib/gcc/arm-none-eabi/10.3.1/thumb/v6-m/nofp/crtbegin.o
 .bss._app_driver
                0x00000000200012ac        0x4 CMakeFiles/web_serial_bridge.dir/home/rouf/hardware-project/rp2040-usb-to-ttl/sdk/pico-sdk/lib/tinyusb/src/device/usbd.c.o
 .bss._cdcd_epbuf
                0x00000000200012b0       0x80 CMakeFiles/web_serial_bridge.dir/home/rouf/hardware-project/rp2040-usb-to-ttl/sdk/pico-sdk/lib/tinyusb/src/class/cdc/cdc_device.c.o
 .bss._cdcd_fifo_cfg
                0x0000000020001330        0x1 CMakeFiles/web_serial_bridge.dir/home/rouf/hardware-project/rp2040-usb-to-ttl/sdk/pico-sdk/lib/tinyusb/src/class/cdc/cdc_device.c.o
 *fill*         0x0000000020001331        0x3 
 .bss._cdcd_itf
                0x0000000020001334      0x848 CMakeFiles/web_serial_bridge.dir/home/rouf/hardware-project/rp2040-usb-to-ttl/sdk/pico-sdk/lib/tinyusb/src/class/cdc/cdc_device.c.o
 .bss._ctrl_epbuf
                0x0000000020001b7c       0x40 CMakeFiles/web_serial_bridge.dir/home/rouf/hardware-project/rp2040-usb-to-ttl/sdk/pico-sdk/lib/tinyusb/src/device/usbd_control.c.o
 .bss._ctrl_xfer
                0x0000000020001bbc       0x14 CMakeFiles/web_serial_bridge.dir/home/rouf/hardware-project/rp2040-usb-to-ttl/sdk/pico-sdk/lib/tinyusb/src/device/usbd_control.c.o
 .bss._tusb_rhport_role
                0x0000000020001bd0        0x2 CMakeFiles/web_serial_bridge.dir/home/rouf/hardware-project/rp2040-usb-to-ttl/sdk/pico-sdk/lib/tinyusb/src/tusb.c.o
                0x0000000020001bd0                _tusb_rhport_role
 *fill*         0x0000000020001bd2        0x2 
 .bss._ubsd_mutexdef
                0x0000000020001bd4        0x8 CMakeFiles/web_serial_bridge.dir/home/rouf/hardware-project/rp2040-usb-to-ttl/sdk/pico-sdk/lib/tinyusb/src/device/usbd.c.o
 .bss._usbd_dev
                0x0000000020001bdc       0x54 CMakeFiles/web_serial_bridge.dir/home/rouf/hardware-project/rp2040-usb-to-ttl/sdk/pico-sdk/lib/tinyusb/src/device/usbd.c.o
 .bss._usbd_mutex
                0x0000000020001c30        0x4 CMakeFiles/web_serial_bridge.dir/home/rouf/hardware-project/rp2040-usb-to-ttl/sdk/pico-sdk/lib/tinyusb/src/device/usbd.c.o
 .bss._usbd_q   0x0000000020001c34        0x4 CMakeFiles/web_serial_bridge.dir/home/rouf/hardware-project/rp2040-usb-to-ttl/sdk/pico-sdk/lib/tinyusb/src/device/usbd.c.o
 .bss._usbd_qdef_buf
                0x0000000020001c38       0xc0 CMakeFiles/web_serial_bridge.dir/home/rouf/hardware-project/rp2040-usb-to-ttl/sdk/pico-sdk/lib/tinyusb/src/device/usbd.c.o
                0x0000000020001c38                _usbd_qdef_buf
 .bss.callbacks
                0x0000000020001cf8        0x8 CMakeFiles/web_serial_bridge.dir/home/rouf/hardware-project/rp2040-usb-to-ttl/sdk/pico-sdk/src/rp2_common/hardware_gpio/gpio.c.o
 .bss.chars_available_callback
                0x0000000020001d00        0x4 CMakeFiles/web_serial_bridge.dir/home/rouf/hardware-project/rp2040-usb-to-ttl/sdk/pico-sdk/src/rp2_common/pico_stdio_uart/stdio_uart.c.o
 .bss.chars_available_param
                0x0000000020001d04        0x4 CMakeFiles/web_serial_bridge.dir/home/rouf/hardware-project/rp2040-usb-to-ttl/sdk/pico-sdk/src/rp2_common/pico_stdio_uart/stdio_uart.c.o
 .bss.claimed   0x0000000020001d08        0x4 CMakeFiles/web_serial_bridge.dir/home/rouf/hardware-project/rp2040-usb-to-ttl/sdk/pico-sdk/src/rp2_common/hardware_sync/sync.c.o
 .bss.claimed   0x0000000020001d0c        0x1 CMakeFiles/web_serial_bridge.dir/home/rouf/hardware-project/rp2040-usb-to-ttl/sdk/pico-sdk/src/rp2_common/hardware_timer/timer.c.o
 *fill*         0x0000000020001d0d        0x3 
 .bss.configured_freq
                0x0000000020001d10       0x28 CMakeFiles/web_serial_bridge.dir/home/rouf/hardware-project/rp2040-usb-to-ttl/sdk/pico-sdk/src/rp2_common/hardware_clocks/clocks.c.o
 .bss.desc_str.0
                0x0000000020001d38       0x28 CMakeFiles/web_serial_bridge.dir/src/usb_descriptors.c.o
 .bss.drivers   0x0000000020001d60        0x4 CMakeFiles/web_serial_bridge.dir/home/rouf/hardware-project/rp2040-usb-to-ttl/sdk/pico-sdk/src/rp2_common/pico_stdio/stdio.c.o
 .bss.e15_last_sof
                0x0000000020001d64        0x4 CMakeFiles/web_serial_bridge.dir/home/rouf/hardware-project/rp2040-usb-to-ttl/sdk/pico-sdk/lib/tinyusb/src/portable/raspberrypi/rp2040/rp2040_usb.c.o
                0x0000000020001d64                e15_last_sof
 .bss.filter    0x0000000020001d68        0x4 CMakeFiles/web_serial_bridge.dir/home/rouf/hardware-project/rp2040-usb-to-ttl/sdk/pico-sdk/src/rp2_common/pico_stdio/stdio.c.o
 .bss.hw_endpoints
                0x0000000020001d6c      0x400 CMakeFiles/web_serial_bridge.dir/home/rouf/hardware-project/rp2040-usb-to-ttl/sdk/pico-sdk/lib/tinyusb/src/portable/raspberrypi/rp2040/dcd_rp2040.c.o
 .bss.lazy_vsnprintf
                0x000000002000216c        0x4 CMakeFiles/web_serial_bridge.dir/home/rouf/hardware-project/rp2040-usb-to-ttl/sdk/pico-sdk/src/rp2_common/pico_printf/printf.c.o
 .bss.next_buffer_ptr
                0x0000000020002170        0x4 CMakeFiles/web_serial_bridge.dir/home/rouf/hardware-project/rp2040-usb-to-ttl/sdk/pico-sdk/lib/tinyusb/src/portable/raspberrypi/rp2040/dcd_rp2040.c.o
 .bss.pools     0x0000000020002174       0x10 CMakeFiles/web_serial_bridge.dir/home/rouf/hardware-project/rp2040-usb-to-ttl/sdk/pico-sdk/src/common/pico_time/time.c.o
 .bss.raw_irq_mask
                0x0000000020002184        0x8 CMakeFiles/web_serial_bridge.dir/home/rouf/hardware-project/rp2040-usb-to-ttl/sdk/pico-sdk/src/rp2_common/hardware_gpio/gpio.c.o
 .bss.sf_clz_func
                0x000000002000218c        0x4 CMakeFiles/web_serial_bridge.dir/home/rouf/hardware-project/rp2040-usb-to-ttl/sdk/pico-sdk/src/rp2_common/pico_double/double_init_rom_rp2040.c.o
                0x000000002000218c                sf_clz_func
 .bss.sleep_notifier
                0x0000000020002190        0x4 CMakeFiles/web_serial_bridge.dir/home/rouf/hardware-project/rp2040-usb-to-ttl/sdk/pico-sdk/src/common/pico_time/time.c.o
 .bss.uart_char_to_line_feed
                0x0000000020002194        0x4 CMakeFiles/web_serial_bridge.dir/home/rouf/hardware-project/rp2040-usb-to-ttl/sdk/pico-sdk/src/rp2_common/hardware_uart/uart.c.o
                0x0000000020002194                uart_char_to_line_feed
 .bss.uart_instance
                0x0000000020002198        0x4 CMakeFiles/web_serial_bridge.dir/home/rouf/hardware-project/rp2040-usb-to-ttl/sdk/pico-sdk/src/rp2_common/pico_stdio_uart/stdio_uart.c.o
 .bss.usb_to_uart_buf
                0x000000002000219c      0x100 CMakeFiles/web_serial_bridge.dir/src/main.c.o
 .bss._app_driver_count
                0x000000002000229c        0x1 CMakeFiles/web_serial_bridge.dir/home/rouf/hardware-project/rp2040-usb-to-ttl/sdk/pico-sdk/lib/tinyusb/src/device/usbd.c.o
 .bss._sof_enable
                0x000000002000229d        0x1 CMakeFiles/web_serial_bridge.dir/home/rouf/hardware-project/rp2040-usb-to-ttl/sdk/pico-sdk/lib/tinyusb/src/portable/raspberrypi/rp2040/dcd_rp2040.c.o
 .bss._usbd_queued_setup
                0x000000002000229e        0x1 CMakeFiles/web_serial_bridge.dir/home/rouf/hardware-project/rp2040-usb-to-ttl/sdk/pico-sdk/lib/tinyusb/src/device/usbd.c.o
 .bss.currently_sending
                0x000000002000229f        0x1 CMakeFiles/web_serial_bridge.dir/src/main.c.o
 .bss.irq_handler_chain_free_slot_head
                0x00000000200022a0        0x1 CMakeFiles/web_serial_bridge.dir/home/rouf/hardware-project/rp2040-usb-to-ttl/sdk/pico-sdk/src/rp2_common/hardware_irq/irq.c.o
 .bss.possible_swap
                0x00000000200022a1        0x1 CMakeFiles/web_serial_bridge.dir/src/main.c.o
 *(COMMON)
                0x00000000200022a4                . = ALIGN (0x4)
 *fill*         0x00000000200022a2        0x2 
                0x00000000200022a4                __bss_end__ = .

.heap           0x00000000200022a4      0x800 load address 0x00000000100053cc
                0x00000000200022a4                __end__ = .
                0x00000000200022a4                end = __end__
 *(.heap*)
 .heap          0x00000000200022a4      0x800 CMakeFiles/web_serial_bridge.dir/home/rouf/hardware-project/rp2040-usb-to-ttl/sdk/pico-sdk/src/rp2_common/pico_crt0/crt0.S.o
                0x0000000020040000                __HeapLimit = (ORIGIN (RAM) + LENGTH (RAM))

.scratch_x      0x0000000020040000        0x0 load address 0x00000000100053cc
                0x0000000020040000                __scratch_x_start__ = .
 *(.scratch_x.*)
                0x0000000020040000                . = ALIGN (0x4)
                0x0000000020040000                __scratch_x_end__ = .
                0x00000000100053cc                __scratch_x_source__ = LOADADDR (.scratch_x)

.scratch_y      0x0000000020041000        0x0 load address 0x00000000100053cc
                0x0000000020041000                __scratch_y_start__ = .
 *(.scratch_y.*)
                0x0000000020041000                . = ALIGN (0x4)
                0x0000000020041000                __scratch_y_end__ = .
                0x00000000100053cc                __scratch_y_source__ = LOADADDR (.scratch_y)

.stack1_dummy   0x0000000020040000        0x0
 *(.stack1*)

.stack_dummy    0x0000000020041000      0x800
 *(.stack*)
 .stack         0x0000000020041000      0x800 CMakeFiles/web_serial_bridge.dir/home/rouf/hardware-project/rp2040-usb-to-ttl/sdk/pico-sdk/src/rp2_common/pico_crt0/crt0.S.o

.rel.dyn        0x0000000020041800        0x0
 .rel.iplt      0x0000000020041800        0x0 /usr/lib/gcc/arm-none-eabi/10.3.1/thumb/v6-m/nofp/crtbegin.o

.flash_end      0x00000000100053cc        0x0
 *(.embedded_end_block*)
                0x00000000100053cc                PROVIDE (__flash_binary_end = .)
                0x0000000020040000                __StackLimit = (ORIGIN (RAM) + LENGTH (RAM))
                0x0000000020041000                __StackOneTop = (ORIGIN (SCRATCH_X) + LENGTH (SCRATCH_X))
                0x0000000020042000                __StackTop = (ORIGIN (SCRATCH_Y) + LENGTH (SCRATCH_Y))
                0x0000000020041000                __StackOneBottom = (__StackOneTop - SIZEOF (.stack1_dummy))
                0x0000000020041800                __StackBottom = (__StackTop - SIZEOF (.stack_dummy))
                0x0000000020042000                PROVIDE (__stack = __StackTop)
                [!provide]                        PROVIDE (__heap_start = __end__)
                [!provide]                        PROVIDE (__heap_end = __HeapLimit)
                [!provide]                        PROVIDE (__tls_align = MAX (ALIGNOF (.tdata), ALIGNOF (.tbss)))
                [!provide]                        PROVIDE (__tls_size_align = (((__tls_size + __tls_align) - 0x1) & ~ ((__tls_align - 0x1))))
                [!provide]                        PROVIDE (__arm32_tls_tcb_offset = MAX (0x8, __tls_align))
                [!provide]                        PROVIDE (_end = __end__)
                [!provide]                        PROVIDE (__llvm_libc_heap_limit = __HeapLimit)
                0x0000000000000001                ASSERT ((__StackLimit >= __HeapLimit), region RAM overflowed)
                0x0000000000000001                ASSERT (((__binary_info_header_end - __logical_binary_start) <= 0x100), Binary info must be in first 256 bytes of the binary)
LOAD CMakeFiles/web_serial_bridge.dir/src/main.c.o
LOAD CMakeFiles/web_serial_bridge.dir/src/usb_descriptors.c.o
LOAD CMakeFiles/web_serial_bridge.dir/home/rouf/hardware-project/rp2040-usb-to-ttl/sdk/pico-sdk/src/rp2_common/pico_stdlib/stdlib.c.o
LOAD CMakeFiles/web_serial_bridge.dir/home/rouf/hardware-project/rp2040-usb-to-ttl/sdk/pico-sdk/src/rp2_common/hardware_gpio/gpio.c.o
LOAD CMakeFiles/web_serial_bridge.dir/home/rouf/hardware-project/rp2040-usb-to-ttl/sdk/pico-sdk/src/rp2040/pico_platform/platform.c.o
LOAD CMakeFiles/web_serial_bridge.dir/home/rouf/hardware-project/rp2040-usb-to-ttl/sdk/pico-sdk/src/rp2_common/pico_platform_common/common.c.o
LOAD CMakeFiles/web_serial_bridge.dir/home/rouf/hardware-project/rp2040-usb-to-ttl/sdk/pico-sdk/src/rp2_common/pico_platform_panic/panic.c.o
LOAD CMakeFiles/web_serial_bridge.dir/home/rouf/hardware-project/rp2040-usb-to-ttl/sdk/pico-sdk/src/common/hardware_claim/claim.c.o
LOAD CMakeFiles/web_serial_bridge.dir/home/rouf/hardware-project/rp2040-usb-to-ttl/sdk/pico-sdk/src/rp2_common/hardware_sync/sync.c.o
LOAD CMakeFiles/web_serial_bridge.dir/home/rouf/hardware-project/rp2040-usb-to-ttl/sdk/pico-sdk/src/rp2_common/hardware_sync_spin_lock/sync_spin_lock.c.o
LOAD CMakeFiles/web_serial_bridge.dir/home/rouf/hardware-project/rp2040-usb-to-ttl/sdk/pico-sdk/src/rp2_common/hardware_irq/irq.c.o
LOAD CMakeFiles/web_serial_bridge.dir/home/rouf/hardware-project/rp2040-usb-to-ttl/sdk/pico-sdk/src/rp2_common/hardware_irq/irq_handler_chain.S.o
LOAD CMakeFiles/web_serial_bridge.dir/home/rouf/hardware-project/rp2040-usb-to-ttl/sdk/pico-sdk/src/common/pico_sync/sem.c.o
LOAD CMakeFiles/web_serial_bridge.dir/home/rouf/hardware-project/rp2040-usb-to-ttl/sdk/pico-sdk/src/common/pico_sync/lock_core.c.o
LOAD CMakeFiles/web_serial_bridge.dir/home/rouf/hardware-project/rp2040-usb-to-ttl/sdk/pico-sdk/src/common/pico_sync/mutex.c.o
LOAD CMakeFiles/web_serial_bridge.dir/home/rouf/hardware-project/rp2040-usb-to-ttl/sdk/pico-sdk/src/common/pico_sync/critical_section.c.o
LOAD CMakeFiles/web_serial_bridge.dir/home/rouf/hardware-project/rp2040-usb-to-ttl/sdk/pico-sdk/src/common/pico_time/time.c.o
LOAD CMakeFiles/web_serial_bridge.dir/home/rouf/hardware-project/rp2040-usb-to-ttl/sdk/pico-sdk/src/common/pico_time/timeout_helper.c.o
LOAD CMakeFiles/web_serial_bridge.dir/home/rouf/hardware-project/rp2040-usb-to-ttl/sdk/pico-sdk/src/rp2_common/hardware_timer/timer.c.o
LOAD CMakeFiles/web_serial_bridge.dir/home/rouf/hardware-project/rp2040-usb-to-ttl/sdk/pico-sdk/src/common/pico_util/datetime.c.o
LOAD CMakeFiles/web_serial_bridge.dir/home/rouf/hardware-project/rp2040-usb-to-ttl/sdk/pico-sdk/src/common/pico_util/pheap.c.o
LOAD CMakeFiles/web_serial_bridge.dir/home/rouf/hardware-project/rp2040-usb-to-ttl/sdk/pico-sdk/src/common/pico_util/queue.c.o
LOAD CMakeFiles/web_serial_bridge.dir/home/rouf/hardware-project/rp2040-usb-to-ttl/sdk/pico-sdk/src/rp2_common/hardware_uart/uart.c.o
LOAD CMakeFiles/web_serial_bridge.dir/home/rouf/hardware-project/rp2040-usb-to-ttl/sdk/pico-sdk/src/rp2_common/hardware_clocks/clocks.c.o
LOAD CMakeFiles/web_serial_bridge.dir/home/rouf/hardware-project/rp2040-usb-to-ttl/sdk/pico-sdk/src/rp2_common/hardware_pll/pll.c.o
LOAD CMakeFiles/web_serial_bridge.dir/home/rouf/hardware-project/rp2040-usb-to-ttl/sdk/pico-sdk/src/rp2_common/hardware_vreg/vreg.c.o
LOAD CMakeFiles/web_serial_bridge.dir/home/rouf/hardware-project/rp2040-usb-to-ttl/sdk/pico-sdk/src/rp2_common/hardware_watchdog/watchdog.c.o
LOAD CMakeFiles/web_serial_bridge.dir/home/rouf/hardware-project/rp2040-usb-to-ttl/sdk/pico-sdk/src/rp2_common/hardware_ticks/ticks.c.o
LOAD CMakeFiles/web_serial_bridge.dir/home/rouf/hardware-project/rp2040-usb-to-ttl/sdk/pico-sdk/src/rp2_common/pico_bootrom/bootrom.c.o
LOAD CMakeFiles/web_serial_bridge.dir/home/rouf/hardware-project/rp2040-usb-to-ttl/sdk/pico-sdk/src/rp2_common/pico_bootrom/bootrom_lock.c.o
LOAD CMakeFiles/web_serial_bridge.dir/home/rouf/hardware-project/rp2040-usb-to-ttl/sdk/pico-sdk/src/rp2_common/hardware_boot_lock/boot_lock.c.o
LOAD CMakeFiles/web_serial_bridge.dir/home/rouf/hardware-project/rp2040-usb-to-ttl/sdk/pico-sdk/src/rp2_common/pico_flash/flash.c.o
LOAD CMakeFiles/web_serial_bridge.dir/home/rouf/hardware-project/rp2040-usb-to-ttl/sdk/pico-sdk/src/rp2_common/hardware_xosc/xosc.c.o
LOAD CMakeFiles/web_serial_bridge.dir/home/rouf/hardware-project/rp2040-usb-to-ttl/sdk/pico-sdk/src/rp2_common/hardware_divider/divider.S.o
LOAD CMakeFiles/web_serial_bridge.dir/home/rouf/hardware-project/rp2040-usb-to-ttl/sdk/pico-sdk/src/rp2_common/pico_runtime/runtime.c.o
LOAD CMakeFiles/web_serial_bridge.dir/home/rouf/hardware-project/rp2040-usb-to-ttl/sdk/pico-sdk/src/rp2_common/pico_runtime_init/runtime_init.c.o
LOAD CMakeFiles/web_serial_bridge.dir/home/rouf/hardware-project/rp2040-usb-to-ttl/sdk/pico-sdk/src/rp2_common/pico_runtime_init/runtime_init_clocks.c.o
LOAD CMakeFiles/web_serial_bridge.dir/home/rouf/hardware-project/rp2040-usb-to-ttl/sdk/pico-sdk/src/rp2_common/pico_runtime_init/runtime_init_stack_guard.c.o
LOAD CMakeFiles/web_serial_bridge.dir/home/rouf/hardware-project/rp2040-usb-to-ttl/sdk/pico-sdk/src/rp2_common/pico_bit_ops/bit_ops_aeabi.S.o
LOAD CMakeFiles/web_serial_bridge.dir/home/rouf/hardware-project/rp2040-usb-to-ttl/sdk/pico-sdk/src/rp2_common/pico_divider/divider_hardware.S.o
LOAD CMakeFiles/web_serial_bridge.dir/home/rouf/hardware-project/rp2040-usb-to-ttl/sdk/pico-sdk/src/rp2_common/pico_double/double_aeabi_rp2040.S.o
LOAD CMakeFiles/web_serial_bridge.dir/home/rouf/hardware-project/rp2040-usb-to-ttl/sdk/pico-sdk/src/rp2_common/pico_double/double_init_rom_rp2040.c.o
LOAD CMakeFiles/web_serial_bridge.dir/home/rouf/hardware-project/rp2040-usb-to-ttl/sdk/pico-sdk/src/rp2_common/pico_double/double_math.c.o
LOAD CMakeFiles/web_serial_bridge.dir/home/rouf/hardware-project/rp2040-usb-to-ttl/sdk/pico-sdk/src/rp2_common/pico_double/double_v1_rom_shim_rp2040.S.o
LOAD CMakeFiles/web_serial_bridge.dir/home/rouf/hardware-project/rp2040-usb-to-ttl/sdk/pico-sdk/src/rp2_common/pico_int64_ops/pico_int64_ops_aeabi.S.o
LOAD CMakeFiles/web_serial_bridge.dir/home/rouf/hardware-project/rp2040-usb-to-ttl/sdk/pico-sdk/src/rp2_common/pico_float/float_aeabi_rp2040.S.o
LOAD CMakeFiles/web_serial_bridge.dir/home/rouf/hardware-project/rp2040-usb-to-ttl/sdk/pico-sdk/src/rp2_common/pico_float/float_init_rom_rp2040.c.o
LOAD CMakeFiles/web_serial_bridge.dir/home/rouf/hardware-project/rp2040-usb-to-ttl/sdk/pico-sdk/src/rp2_common/pico_float/float_math.c.o
LOAD CMakeFiles/web_serial_bridge.dir/home/rouf/hardware-project/rp2040-usb-to-ttl/sdk/pico-sdk/src/rp2_common/pico_float/float_v1_rom_shim_rp2040.S.o
LOAD CMakeFiles/web_serial_bridge.dir/home/rouf/hardware-project/rp2040-usb-to-ttl/sdk/pico-sdk/src/rp2_common/pico_malloc/malloc.c.o
LOAD CMakeFiles/web_serial_bridge.dir/home/rouf/hardware-project/rp2040-usb-to-ttl/sdk/pico-sdk/src/rp2_common/pico_mem_ops/mem_ops_aeabi.S.o
LOAD CMakeFiles/web_serial_bridge.dir/home/rouf/hardware-project/rp2040-usb-to-ttl/sdk/pico-sdk/src/rp2_common/pico_atomic/atomic.c.o
LOAD CMakeFiles/web_serial_bridge.dir/home/rouf/hardware-project/rp2040-usb-to-ttl/sdk/pico-sdk/src/rp2_common/pico_cxx_options/new_delete.cpp.o
LOAD CMakeFiles/web_serial_bridge.dir/home/rouf/hardware-project/rp2040-usb-to-ttl/sdk/pico-sdk/src/rp2_common/pico_standard_binary_info/standard_binary_info.c.o
LOAD CMakeFiles/web_serial_bridge.dir/home/rouf/hardware-project/rp2040-usb-to-ttl/sdk/pico-sdk/src/rp2_common/pico_printf/printf.c.o
LOAD CMakeFiles/web_serial_bridge.dir/home/rouf/hardware-project/rp2040-usb-to-ttl/sdk/pico-sdk/src/rp2_common/pico_crt0/crt0.S.o
LOAD CMakeFiles/web_serial_bridge.dir/home/rouf/hardware-project/rp2040-usb-to-ttl/sdk/pico-sdk/src/rp2_common/pico_clib_interface/newlib_interface.c.o
LOAD CMakeFiles/web_serial_bridge.dir/home/rouf/hardware-project/rp2040-usb-to-ttl/sdk/pico-sdk/src/rp2_common/pico_stdio/stdio.c.o
LOAD CMakeFiles/web_serial_bridge.dir/home/rouf/hardware-project/rp2040-usb-to-ttl/sdk/pico-sdk/src/rp2_common/pico_stdio_uart/stdio_uart.c.o
LOAD CMakeFiles/web_serial_bridge.dir/home/rouf/hardware-project/rp2040-usb-to-ttl/sdk/pico-sdk/lib/tinyusb/src/portable/raspberrypi/rp2040/dcd_rp2040.c.o
LOAD CMakeFiles/web_serial_bridge.dir/home/rouf/hardware-project/rp2040-usb-to-ttl/sdk/pico-sdk/lib/tinyusb/src/portable/raspberrypi/rp2040/rp2040_usb.c.o
LOAD CMakeFiles/web_serial_bridge.dir/home/rouf/hardware-project/rp2040-usb-to-ttl/sdk/pico-sdk/lib/tinyusb/src/device/usbd.c.o
LOAD CMakeFiles/web_serial_bridge.dir/home/rouf/hardware-project/rp2040-usb-to-ttl/sdk/pico-sdk/lib/tinyusb/src/device/usbd_control.c.o
LOAD CMakeFiles/web_serial_bridge.dir/home/rouf/hardware-project/rp2040-usb-to-ttl/sdk/pico-sdk/lib/tinyusb/src/class/audio/audio_device.c.o
LOAD CMakeFiles/web_serial_bridge.dir/home/rouf/hardware-project/rp2040-usb-to-ttl/sdk/pico-sdk/lib/tinyusb/src/class/cdc/cdc_device.c.o
LOAD CMakeFiles/web_serial_bridge.dir/home/rouf/hardware-project/rp2040-usb-to-ttl/sdk/pico-sdk/lib/tinyusb/src/class/dfu/dfu_device.c.o
LOAD CMakeFiles/web_serial_bridge.dir/home/rouf/hardware-project/rp2040-usb-to-ttl/sdk/pico-sdk/lib/tinyusb/src/class/dfu/dfu_rt_device.c.o
LOAD CMakeFiles/web_serial_bridge.dir/home/rouf/hardware-project/rp2040-usb-to-ttl/sdk/pico-sdk/lib/tinyusb/src/class/hid/hid_device.c.o
LOAD CMakeFiles/web_serial_bridge.dir/home/rouf/hardware-project/rp2040-usb-to-ttl/sdk/pico-sdk/lib/tinyusb/src/class/midi/midi_device.c.o
LOAD CMakeFiles/web_serial_bridge.dir/home/rouf/hardware-project/rp2040-usb-to-ttl/sdk/pico-sdk/lib/tinyusb/src/class/msc/msc_device.c.o
LOAD CMakeFiles/web_serial_bridge.dir/home/rouf/hardware-project/rp2040-usb-to-ttl/sdk/pico-sdk/lib/tinyusb/src/class/net/ecm_rndis_device.c.o
LOAD CMakeFiles/web_serial_bridge.dir/home/rouf/hardware-project/rp2040-usb-to-ttl/sdk/pico-sdk/lib/tinyusb/src/class/net/ncm_device.c.o
LOAD CMakeFiles/web_serial_bridge.dir/home/rouf/hardware-project/rp2040-usb-to-ttl/sdk/pico-sdk/lib/tinyusb/src/class/usbtmc/usbtmc_device.c.o
LOAD CMakeFiles/web_serial_bridge.dir/home/rouf/hardware-project/rp2040-usb-to-ttl/sdk/pico-sdk/lib/tinyusb/src/class/vendor/vendor_device.c.o
LOAD CMakeFiles/web_serial_bridge.dir/home/rouf/hardware-project/rp2040-usb-to-ttl/sdk/pico-sdk/lib/tinyusb/src/class/video/video_device.c.o
LOAD CMakeFiles/web_serial_bridge.dir/home/rouf/hardware-project/rp2040-usb-to-ttl/sdk/pico-sdk/lib/tinyusb/src/tusb.c.o
LOAD CMakeFiles/web_serial_bridge.dir/home/rouf/hardware-project/rp2040-usb-to-ttl/sdk/pico-sdk/lib/tinyusb/src/common/tusb_fifo.c.o
LOAD CMakeFiles/web_serial_bridge.dir/home/rouf/hardware-project/rp2040-usb-to-ttl/sdk/pico-sdk/src/rp2_common/pico_fix/rp2040_usb_device_enumeration/rp2040_usb_device_enumeration.c.o
LOAD CMakeFiles/web_serial_bridge.dir/home/rouf/hardware-project/rp2040-usb-to-ttl/sdk/pico-sdk/src/rp2_common/hardware_pio/pio.c.o
LOAD CMakeFiles/web_serial_bridge.dir/home/rouf/hardware-project/rp2040-usb-to-ttl/sdk/pico-sdk/src/rp2_common/hardware_flash/flash.c.o
LOAD CMakeFiles/web_serial_bridge.dir/home/rouf/hardware-project/rp2040-usb-to-ttl/sdk/pico-sdk/src/rp2_common/hardware_xip_cache/xip_cache.c.o
LOAD pico-sdk/src/rp2040/boot_stage2/CMakeFiles/bs2_default_library.dir/bs2_default_padded_checksummed.S.o
LOAD /usr/lib/gcc/arm-none-eabi/10.3.1/../../../arm-none-eabi/lib/thumb/v6-m/nofp/libstdc++.a
LOAD /usr/lib/gcc/arm-none-eabi/10.3.1/../../../arm-none-eabi/lib/thumb/v6-m/nofp/libm.a
START GROUP
LOAD /usr/lib/gcc/arm-none-eabi/10.3.1/thumb/v6-m/nofp/libgcc.a
LOAD /usr/lib/gcc/arm-none-eabi/10.3.1/../../../arm-none-eabi/lib/thumb/v6-m/nofp/libg.a
LOAD /usr/lib/gcc/arm-none-eabi/10.3.1/../../../arm-none-eabi/lib/thumb/v6-m/nofp/libc.a
END GROUP
START GROUP
LOAD /usr/lib/gcc/arm-none-eabi/10.3.1/thumb/v6-m/nofp/libgcc.a
LOAD /usr/lib/gcc/arm-none-eabi/10.3.1/../../../arm-none-eabi/lib/thumb/v6-m/nofp/libc.a
LOAD /usr/lib/gcc/arm-none-eabi/10.3.1/../../../arm-none-eabi/lib/thumb/v6-m/nofp/libnosys.a
END GROUP
LOAD /usr/lib/gcc/arm-none-eabi/10.3.1/thumb/v6-m/nofp/crtend.o
LOAD /usr/lib/gcc/arm-none-eabi/10.3.1/thumb/v6-m/nofp/crtn.o
OUTPUT(web_serial_bridge.elf elf32-littlearm)
LOAD linker stubs

.ARM.attributes
                0x0000000000000000       0x28
 .ARM.attributes